---
http_interactions:
- request:
    method: get
    uri: http://gdata.youtube.com/feeds/api/users/default
    body:
      encoding: US-ASCII
      string: ''
    headers:
      Authorization:
      - Bearer ya29.AHES6ZT5P0YwKOZABwtcA0XkisPaWft9j-8PNP2yQttPDBM-
      Accept-Encoding:
      - gzip;q=1.0,deflate;q=0.6,identity;q=0.3
      Accept:
      - ! '*/*'
      User-Agent:
      - Ruby
  response:
    status:
      code: 200
      message: OK
    headers:
      X-Gdata-User-Country:
      - US
      Content-Type:
      - application/atom+xml; charset=UTF-8
      Expires:
      - Mon, 10 Dec 2012 20:35:05 GMT
      Date:
      - Mon, 10 Dec 2012 20:35:05 GMT
      Cache-Control:
      - private, max-age=0, must-revalidate, no-transform
      Vary:
      - Accept, X-GData-Authorization, GData-Version
      Gdata-Version:
      - '1.0'
      Last-Modified:
      - Mon, 10 Dec 2012 18:54:20 GMT
      X-Content-Type-Options:
      - nosniff
      X-Frame-Options:
      - SAMEORIGIN
      X-Xss-Protection:
      - 1; mode=block
      Server:
      - GSE
      Transfer-Encoding:
      - chunked
    body:
      encoding: US-ASCII
      string: <?xml version='1.0' encoding='UTF-8'?><entry xmlns='http://www.w3.org/2005/Atom'
        xmlns:media='http://search.yahoo.com/mrss/' xmlns:gd='http://schemas.google.com/g/2005'
        xmlns:yt='http://gdata.youtube.com/schemas/2007'><id>http://gdata.youtube.com/feeds/api/users/G0vu_P1Z-C1R52lXhLDOjg</id><published>2012-12-06T19:17:52.000Z</published><updated>2012-12-10T18:54:20.000Z</updated><category
        scheme='http://schemas.google.com/g/2005#kind' term='http://gdata.youtube.com/schemas/2007#userProfile'/><title
        type='text'>tubeit2012pivotal</title><content type='text'/><link rel='alternate'
        type='text/html' href='http://www.youtube.com/channel/UCG0vu_P1Z-C1R52lXhLDOjg'/><link
        rel='http://gdata.youtube.com/schemas/2007#insight.views' type='text/html'
        href='http://insight.youtube.com/video-analytics/csvreports?query=G0vu_P1Z-C1R52lXhLDOjg&amp;type=u&amp;starttime=1235865600000&amp;endtime=1355011200000&amp;user_starttime=1354406400000&amp;user_endtime=1355011200000&amp;region=world&amp;token=ALEF4y_L7Xc91rvQEFWnaqiGD598MTM1NTE3MzUwNUAxMzU1MTcxNzA1&amp;hl=en_US'/><link
        rel='self' type='application/atom+xml' href='http://gdata.youtube.com/feeds/api/users/G0vu_P1Z-C1R52lXhLDOjg'/><author><name>tubeit2012pivotal</name><uri>http://gdata.youtube.com/feeds/api/users/tubeit2012pivotal</uri></author><yt:age>111</yt:age><gd:feedLink
        rel='http://gdata.youtube.com/schemas/2007#user.contacts' href='http://gdata.youtube.com/feeds/api/users/tubeit2012pivotal/contacts'
        countHint='0'/><gd:feedLink rel='http://gdata.youtube.com/schemas/2007#user.inbox'
        href='http://gdata.youtube.com/feeds/api/users/tubeit2012pivotal/inbox' countHint='0'/><gd:feedLink
        rel='http://gdata.youtube.com/schemas/2007#user.playlists' href='http://gdata.youtube.com/feeds/api/users/tubeit2012pivotal/playlists'/><gd:feedLink
        rel='http://gdata.youtube.com/schemas/2007#user.subscriptions' href='http://gdata.youtube.com/feeds/api/users/tubeit2012pivotal/subscriptions'
        countHint='0'/><gd:feedLink rel='http://gdata.youtube.com/schemas/2007#user.uploads'
        href='http://gdata.youtube.com/feeds/api/users/tubeit2012pivotal/uploads'
        countHint='18'/><gd:feedLink rel='http://gdata.youtube.com/schemas/2007#user.newsubscriptionvideos'
        href='http://gdata.youtube.com/feeds/api/users/tubeit2012pivotal/newsubscriptionvideos'/><yt:location>US</yt:location><yt:maxUploadDuration
        seconds='930'/><yt:statistics lastWebAccess='2012-12-06T19:17:52.000Z' subscriberCount='0'
        videoWatchCount='0' viewCount='8' totalUploadViews='7'/><media:thumbnail url='http://s.ytimg.com/yts/img/silhouette48-vflLdu7sh.png'/><yt:username>tubeit2012pivotal</yt:username></entry>
    http_version: 
  recorded_at: Mon, 10 Dec 2012 20:35:05 GMT
- request:
    method: get
    uri: http://gdata.youtube.com/feeds/api/users/default/playlists?v=2
    body:
      encoding: US-ASCII
      string: ''
    headers:
      Authorization:
      - Bearer ya29.AHES6ZT5P0YwKOZABwtcA0XkisPaWft9j-8PNP2yQttPDBM-
      X-Gdata-Client:
      - youtube_it
      X-Gdata-Key:
      - key=AI39si7RTOeLuL-210N-qa68taSVoJ2ZNc2UlY52VkTjf29AEonZ_MgKZirQmQOtHOh1hRWePy61bcZkZOEIu2vlsYKW8HlxrQ
      Gdata-Version:
      - '2.1'
      Content-Type:
      - application/atom+xml; charset=UTF-8
      Content-Length:
      - '0'
      Accept-Encoding:
      - gzip;q=1.0,deflate;q=0.6,identity;q=0.3
      Accept:
      - ! '*/*'
      User-Agent:
      - Ruby
  response:
    status:
      code: 200
      message: OK
    headers:
      X-Gdata-User-Country:
      - US
      Content-Type:
      - application/atom+xml; charset=UTF-8; type=feed
      Expires:
      - Mon, 10 Dec 2012 20:35:06 GMT
      Date:
      - Mon, 10 Dec 2012 20:35:06 GMT
      Cache-Control:
      - private, max-age=0, must-revalidate, no-transform
      Vary:
      - Accept, X-GData-Authorization, GData-Version
      Gdata-Version:
      - '2.1'
      Etag:
      - W/"C0AER347eCp7I2A9WhNWEUo."
      Last-Modified:
      - Mon, 10 Dec 2012 20:35:06 GMT
      X-Content-Type-Options:
      - nosniff
      X-Frame-Options:
      - SAMEORIGIN
      X-Xss-Protection:
      - 1; mode=block
      Server:
      - GSE
      Transfer-Encoding:
      - chunked
    body:
      encoding: US-ASCII
      string: <?xml version='1.0' encoding='UTF-8'?><feed xmlns='http://www.w3.org/2005/Atom'
        xmlns:openSearch='http://a9.com/-/spec/opensearch/1.1/' xmlns:gd='http://schemas.google.com/g/2005'
        xmlns:yt='http://gdata.youtube.com/schemas/2007' gd:etag='W/&quot;C0AER347eCp7I2A9WhNWEUo.&quot;'><id>tag:youtube.com,2008:user:tubeit2012pivotal:playlists</id><updated>2012-12-10T20:35:06.000Z</updated><category
        scheme='http://schemas.google.com/g/2005#kind' term='http://gdata.youtube.com/schemas/2007#playlistLink'/><title>Playlists
        of tubeit2012pivotal</title><logo>http://www.youtube.com/img/pic_youtubelogo_123x63.gif</logo><link
        rel='related' type='application/atom+xml' href='http://gdata.youtube.com/feeds/api/users/tubeit2012pivotal?client=youtube_it'/><link
        rel='alternate' type='text/html' href='http://www.youtube.com'/><link rel='http://schemas.google.com/g/2005#feed'
        type='application/atom+xml' href='http://gdata.youtube.com/feeds/api/users/tubeit2012pivotal/playlists?client=youtube_it'/><link
        rel='http://schemas.google.com/g/2005#post' type='application/atom+xml' href='http://gdata.youtube.com/feeds/api/users/tubeit2012pivotal/playlists?client=youtube_it'/><link
        rel='http://schemas.google.com/g/2005#batch' type='application/atom+xml' href='http://gdata.youtube.com/feeds/api/users/tubeit2012pivotal/playlists/batch?client=youtube_it'/><link
        rel='self' type='application/atom+xml' href='http://gdata.youtube.com/feeds/api/users/tubeit2012pivotal/playlists?start-index=1&amp;max-results=25&amp;client=youtube_it'/><link
        rel='service' type='application/atomsvc+xml' href='http://gdata.youtube.com/feeds/api/users/tubeit2012pivotal/playlists?alt=atom-service'/><author><name>tubeit2012pivotal</name><uri>http://gdata.youtube.com/feeds/api/users/tubeit2012pivotal</uri><yt:userId>G0vu_P1Z-C1R52lXhLDOjg</yt:userId></author><generator
        version='2.1' uri='http://gdata.youtube.com'>YouTube data API</generator><openSearch:totalResults>0</openSearch:totalResults><openSearch:startIndex>1</openSearch:startIndex><openSearch:itemsPerPage>25</openSearch:itemsPerPage></feed>
    http_version: 
  recorded_at: Mon, 10 Dec 2012 20:35:05 GMT
- request:
    method: post
    uri: http://gdata.youtube.com/feeds/api/users/default/playlists
    body:
      encoding: US-ASCII
      string: <?xml version="1.0" encoding="UTF-8"?><entry xmlns="http://www.w3.org/2005/Atom"
        xmlns:yt="http://gdata.youtube.com/schemas/2007"><title>youtube_it test!</title><summary>test
        playlist</summary></entry>
    headers:
      Authorization:
      - Bearer ya29.AHES6ZT5P0YwKOZABwtcA0XkisPaWft9j-8PNP2yQttPDBM-
      X-Gdata-Client:
      - youtube_it
      X-Gdata-Key:
      - key=AI39si7RTOeLuL-210N-qa68taSVoJ2ZNc2UlY52VkTjf29AEonZ_MgKZirQmQOtHOh1hRWePy61bcZkZOEIu2vlsYKW8HlxrQ
      Gdata-Version:
      - '2.1'
      Content-Type:
      - application/atom+xml; charset=UTF-8
      Content-Length:
      - '201'
      Accept:
      - ! '*/*'
      User-Agent:
      - Ruby
  response:
    status:
      code: 201
      message: Created
    headers:
      X-Gdata-User-Country:
      - US
      Content-Type:
      - application/atom+xml; charset=UTF-8; type=entry
      Expires:
      - Mon, 10 Dec 2012 20:35:07 GMT
      Date:
      - Mon, 10 Dec 2012 20:35:07 GMT
      Cache-Control:
      - private, max-age=0, must-revalidate, no-transform
      Vary:
      - Accept, X-GData-Authorization, GData-Version
      Gdata-Version:
      - '2.1'
      Etag:
      - W/"C0AER347eCp7I2A9WhNWEUo."
      Location:
      - http://gdata.youtube.com/feeds/api/users/tubeit2012pivotal/playlists/PLrIYhveYVeFFpcP9UuuLze47ETxMfb2jx?client=youtube_it
      Content-Location:
      - http://gdata.youtube.com/feeds/api/users/tubeit2012pivotal/playlists/PLrIYhveYVeFFpcP9UuuLze47ETxMfb2jx?client=youtube_it
      Transfer-Encoding:
      - chunked
      X-Content-Type-Options:
      - nosniff
      X-Frame-Options:
      - SAMEORIGIN
      X-Xss-Protection:
      - 1; mode=block
      Server:
      - GSE
    body:
      encoding: US-ASCII
      string: <?xml version='1.0' encoding='UTF-8'?><entry xmlns='http://www.w3.org/2005/Atom'
        xmlns:app='http://www.w3.org/2007/app' xmlns:media='http://search.yahoo.com/mrss/'
        xmlns:gd='http://schemas.google.com/g/2005' xmlns:yt='http://gdata.youtube.com/schemas/2007'
        gd:etag='W/&quot;C0AER347eCp7I2A9WhNWEUo.&quot;'><id>tag:youtube.com,2008:user:tubeit2012pivotal:playlist:PLrIYhveYVeFFpcP9UuuLze47ETxMfb2jx</id><published>2012-12-10T20:35:06.000Z</published><updated>2012-12-10T20:35:06.000Z</updated><app:edited>2012-12-10T20:35:06.000Z</app:edited><category
        scheme='http://schemas.google.com/g/2005#kind' term='http://gdata.youtube.com/schemas/2007#playlistLink'/><title>youtube_it
        test!</title><summary>test playlist</summary><content type='application/atom+xml;type=feed'
        src='http://gdata.youtube.com/feeds/api/playlists/PLrIYhveYVeFFpcP9UuuLze47ETxMfb2jx'/><link
        rel='related' type='application/atom+xml' href='http://gdata.youtube.com/feeds/api/users/tubeit2012pivotal?client=youtube_it'/><link
        rel='alternate' type='text/html' href='http://www.youtube.com/playlist?list=PLrIYhveYVeFFpcP9UuuLze47ETxMfb2jx'/><link
        rel='self' type='application/atom+xml' href='http://gdata.youtube.com/feeds/api/users/tubeit2012pivotal/playlists/PLrIYhveYVeFFpcP9UuuLze47ETxMfb2jx?client=youtube_it'/><link
        rel='edit' type='application/atom+xml' href='http://gdata.youtube.com/feeds/api/users/tubeit2012pivotal/playlists/PLrIYhveYVeFFpcP9UuuLze47ETxMfb2jx?client=youtube_it'/><author><name>tubeit2012pivotal</name><uri>http://gdata.youtube.com/feeds/api/users/tubeit2012pivotal</uri><yt:userId>G0vu_P1Z-C1R52lXhLDOjg</yt:userId></author><yt:countHint>0</yt:countHint><media:group><yt:duration
        seconds='0'/></media:group><yt:playlistId>PLrIYhveYVeFFpcP9UuuLze47ETxMfb2jx</yt:playlistId></entry>
    http_version: 
  recorded_at: Mon, 10 Dec 2012 20:35:07 GMT
- request:
    method: post
    uri: http://gdata.youtube.com/feeds/api/playlists/PLrIYhveYVeFFpcP9UuuLze47ETxMfb2jx
    body:
      encoding: US-ASCII
      string: <?xml version="1.0" encoding="UTF-8"?><entry xmlns="http://www.w3.org/2005/Atom"
        xmlns:yt="http://gdata.youtube.com/schemas/2007"><id>fFAnoEYFUQw</id></entry>
    headers:
      Authorization:
      - Bearer ya29.AHES6ZT5P0YwKOZABwtcA0XkisPaWft9j-8PNP2yQttPDBM-
      X-Gdata-Client:
      - youtube_it
      X-Gdata-Key:
      - key=AI39si7RTOeLuL-210N-qa68taSVoJ2ZNc2UlY52VkTjf29AEonZ_MgKZirQmQOtHOh1hRWePy61bcZkZOEIu2vlsYKW8HlxrQ
      Gdata-Version:
      - '2.1'
      Content-Type:
      - application/atom+xml; charset=UTF-8
      Content-Length:
      - '158'
      Accept:
      - ! '*/*'
      User-Agent:
      - Ruby
  response:
    status:
      code: 201
      message: Created
    headers:
      X-Gdata-User-Country:
      - US
      Content-Type:
      - application/atom+xml; charset=UTF-8; type=entry
      Expires:
      - Mon, 10 Dec 2012 20:35:07 GMT
      Date:
      - Mon, 10 Dec 2012 20:35:07 GMT
      Cache-Control:
      - private, max-age=0, must-revalidate, no-transform
      Vary:
      - Accept, X-GData-Authorization, GData-Version
      Gdata-Version:
      - '2.1'
      Etag:
      - W/"YDwqeyM."
      Location:
      - http://gdata.youtube.com/feeds/api/playlists/PLrIYhveYVeFFpcP9UuuLze47ETxMfb2jx/PLhDm8aBXqp44zk2zkCbbZVMAVMPEY-XTJl0g1sc4Njwg?client=youtube_it
      Content-Location:
      - http://gdata.youtube.com/feeds/api/playlists/PLrIYhveYVeFFpcP9UuuLze47ETxMfb2jx/PLhDm8aBXqp44zk2zkCbbZVMAVMPEY-XTJl0g1sc4Njwg?client=youtube_it
      Transfer-Encoding:
      - chunked
      X-Content-Type-Options:
      - nosniff
      X-Frame-Options:
      - SAMEORIGIN
      X-Xss-Protection:
      - 1; mode=block
      Server:
      - GSE
    body:
      encoding: US-ASCII
      string: <?xml version='1.0' encoding='UTF-8'?><entry xmlns='http://www.w3.org/2005/Atom'
        xmlns:app='http://www.w3.org/2007/app' xmlns:media='http://search.yahoo.com/mrss/'
        xmlns:gd='http://schemas.google.com/g/2005' xmlns:yt='http://gdata.youtube.com/schemas/2007'
        gd:etag='W/&quot;YDwqeyM.&quot;'><id>tag:youtube.com,2008:playlist:PLrIYhveYVeFFpcP9UuuLze47ETxMfb2jx:PLhDm8aBXqp44zk2zkCbbZVMAVMPEY-XTJl0g1sc4Njwg</id><published>2012-12-10T20:35:07.000Z</published><updated>1970-01-01T00:00:00.000Z</updated><app:edited>1970-01-01T00:00:00.000Z</app:edited><category
        scheme='http://schemas.google.com/g/2005#kind' term='http://gdata.youtube.com/schemas/2007#video'/><category
        scheme='http://gdata.youtube.com/schemas/2007/categories.cat' term='Entertainment'
        label='Entertainment'/><title>Boris The Bad Dog</title><content type='application/x-shockwave-flash'
        src='http://www.youtube.com/v/fFAnoEYFUQw?version=3&amp;f=playlists&amp;c=youtube_it&amp;d=AUDAt-8hctZ8nmBZRICL5GEO88HsQjpE1a8d1GxQnGDm&amp;app=youtube_gdata'/><link
        rel='alternate' type='text/html' href='http://www.youtube.com/watch?v=fFAnoEYFUQw&amp;feature=youtube_gdata'/><link
        rel='http://gdata.youtube.com/schemas/2007#video.responses' type='application/atom+xml'
        href='http://gdata.youtube.com/feeds/api/videos/fFAnoEYFUQw/responses?client=youtube_it'/><link
        rel='http://gdata.youtube.com/schemas/2007#video.ratings' type='application/atom+xml'
        href='http://gdata.youtube.com/feeds/api/videos/fFAnoEYFUQw/ratings?client=youtube_it'/><link
        rel='http://gdata.youtube.com/schemas/2007#video.complaints' type='application/atom+xml'
        href='http://gdata.youtube.com/feeds/api/videos/fFAnoEYFUQw/complaints?client=youtube_it'/><link
        rel='http://gdata.youtube.com/schemas/2007#video.related' type='application/atom+xml'
        href='http://gdata.youtube.com/feeds/api/videos/fFAnoEYFUQw/related?client=youtube_it'/><link
        rel='http://gdata.youtube.com/schemas/2007#mobile' type='text/html' href='http://m.youtube.com/details?v=fFAnoEYFUQw'/><link
        rel='http://gdata.youtube.com/schemas/2007#uploader' type='application/atom+xml'
        href='http://gdata.youtube.com/feeds/api/users/_EPuqJjzjgM7o0rZns01mg?client=youtube_it'/><link
        rel='related' type='application/atom+xml' href='http://gdata.youtube.com/feeds/api/videos/fFAnoEYFUQw?client=youtube_it'/><link
        rel='self' type='application/atom+xml' href='http://gdata.youtube.com/feeds/api/playlists/PLrIYhveYVeFFpcP9UuuLze47ETxMfb2jx/PLhDm8aBXqp44zk2zkCbbZVMAVMPEY-XTJl0g1sc4Njwg?client=youtube_it'/><link
        rel='edit' type='application/atom+xml' href='http://gdata.youtube.com/feeds/api/playlists/PLrIYhveYVeFFpcP9UuuLze47ETxMfb2jx/PLhDm8aBXqp44zk2zkCbbZVMAVMPEY-XTJl0g1sc4Njwg?client=youtube_it'/><author><name>tubeit2012pivotal</name><uri>http://gdata.youtube.com/feeds/api/users/tubeit2012pivotal</uri><yt:userId>G0vu_P1Z-C1R52lXhLDOjg</yt:userId></author><yt:accessControl
        action='comment' permission='allowed'/><yt:accessControl action='commentVote'
        permission='allowed'/><yt:accessControl action='videoRespond' permission='moderated'/><yt:accessControl
        action='rate' permission='allowed'/><yt:accessControl action='embed' permission='allowed'/><yt:accessControl
        action='list' permission='allowed'/><yt:accessControl action='autoPlay' permission='allowed'/><yt:accessControl
        action='syndicate' permission='allowed'/><gd:comments><gd:feedLink rel='http://gdata.youtube.com/schemas/2007#comments'
        href='http://gdata.youtube.com/feeds/api/videos/fFAnoEYFUQw/comments?client=youtube_it'
        countHint='0'/></gd:comments><yt:hd/><media:group><media:category label='Entertainment'
        scheme='http://gdata.youtube.com/schemas/2007/categories.cat'>Entertainment</media:category><media:content
        url='http://www.youtube.com/v/fFAnoEYFUQw?version=3&amp;f=playlists&amp;c=youtube_it&amp;d=AUDAt-8hctZ8nmBZRICL5GEO88HsQjpE1a8d1GxQnGDm&amp;app=youtube_gdata'
        type='application/x-shockwave-flash' medium='video' isDefault='true' expression='full'
        duration='63' yt:format='5'/><media:content url='rtsp://v2.cache6.c.youtube.com/ClQLENy73wIaSwkMUQVGoCdQfBMYDSANFEIKeW91dHViZV9pdEgGUglwbGF5bGlzdHNyIQFAwLfvIXLWfJ5gWUSAi-RhDvPB7EI6RNWvHdRsUJxg5gw=/0/0/0/video.3gp'
        type='video/3gpp' medium='video' expression='full' duration='63' yt:format='1'/><media:content
        url='rtsp://v2.cache4.c.youtube.com/ClQLENy73wIaSwkMUQVGoCdQfBMYESARFEIKeW91dHViZV9pdEgGUglwbGF5bGlzdHNyIQFAwLfvIXLWfJ5gWUSAi-RhDvPB7EI6RNWvHdRsUJxg5gw=/0/0/0/video.3gp'
        type='video/3gpp' medium='video' expression='full' duration='63' yt:format='6'/><media:credit
        role='uploader' scheme='urn:youtube' yt:display='Mauro Torres'>chebyte2006</media:credit><media:description
        type='plain'>Historia de un perro malo</media:description><media:keywords/><media:license
        type='text/html' href='http://www.youtube.com/t/terms'>youtube</media:license><media:player
        url='http://www.youtube.com/watch?v=fFAnoEYFUQw&amp;feature=youtube_gdata_player'/><media:thumbnail
        url='http://i.ytimg.com/vi/fFAnoEYFUQw/default.jpg' height='90' width='120'
        time='00:00:31.500' yt:name='default'/><media:thumbnail url='http://i.ytimg.com/vi/fFAnoEYFUQw/mqdefault.jpg'
        height='180' width='320' yt:name='mqdefault'/><media:thumbnail url='http://i.ytimg.com/vi/fFAnoEYFUQw/hqdefault.jpg'
        height='360' width='480' yt:name='hqdefault'/><media:thumbnail url='http://i.ytimg.com/vi/fFAnoEYFUQw/sddefault.jpg'
        height='480' width='640' yt:name='sddefault'/><media:thumbnail url='http://i.ytimg.com/vi/fFAnoEYFUQw/1.jpg'
        height='90' width='120' time='00:00:15.750' yt:name='start'/><media:thumbnail
        url='http://i.ytimg.com/vi/fFAnoEYFUQw/2.jpg' height='90' width='120' time='00:00:31.500'
        yt:name='middle'/><media:thumbnail url='http://i.ytimg.com/vi/fFAnoEYFUQw/3.jpg'
        height='90' width='120' time='00:00:47.250' yt:name='end'/><media:title type='plain'>Boris
        The Bad Dog</media:title><yt:aspectRatio>widescreen</yt:aspectRatio><yt:duration
        seconds='63'/><yt:uploaded>2012-03-21T20:27:55.000Z</yt:uploaded><yt:uploaderId>UC_EPuqJjzjgM7o0rZns01mg</yt:uploaderId><yt:videoid>fFAnoEYFUQw</yt:videoid></media:group><yt:statistics
        favoriteCount='0' viewCount='88'/><yt:position>1</yt:position></entry>
    http_version: 
  recorded_at: Mon, 10 Dec 2012 20:35:07 GMT
- request:
    method: post
    uri: http://gdata.youtube.com/feeds/api/playlists/PLrIYhveYVeFFpcP9UuuLze47ETxMfb2jx
    body:
      encoding: US-ASCII
      string: <?xml version="1.0" encoding="UTF-8"?><entry xmlns="http://www.w3.org/2005/Atom"
        xmlns:yt="http://gdata.youtube.com/schemas/2007"><id>QsbmrCtiEUU</id></entry>
    headers:
      Authorization:
      - Bearer ya29.AHES6ZT5P0YwKOZABwtcA0XkisPaWft9j-8PNP2yQttPDBM-
      X-Gdata-Client:
      - youtube_it
      X-Gdata-Key:
      - key=AI39si7RTOeLuL-210N-qa68taSVoJ2ZNc2UlY52VkTjf29AEonZ_MgKZirQmQOtHOh1hRWePy61bcZkZOEIu2vlsYKW8HlxrQ
      Gdata-Version:
      - '2.1'
      Content-Type:
      - application/atom+xml; charset=UTF-8
      Content-Length:
      - '158'
      Accept:
      - ! '*/*'
      User-Agent:
      - Ruby
  response:
    status:
      code: 201
      message: Created
    headers:
      X-Gdata-User-Country:
      - US
      Content-Type:
      - application/atom+xml; charset=UTF-8; type=entry
      Expires:
      - Mon, 10 Dec 2012 20:35:07 GMT
      Date:
      - Mon, 10 Dec 2012 20:35:07 GMT
      Cache-Control:
      - private, max-age=0, must-revalidate, no-transform
      Vary:
      - Accept, X-GData-Authorization, GData-Version
      Gdata-Version:
      - '2.1'
      Etag:
      - W/"YDwqeyM."
      Location:
      - http://gdata.youtube.com/feeds/api/playlists/PLrIYhveYVeFFpcP9UuuLze47ETxMfb2jx/PLhDm8aBXqp44zk2zkCbbZVBzxAu3DlRpN7WvH55Omq0U?client=youtube_it
      Content-Location:
      - http://gdata.youtube.com/feeds/api/playlists/PLrIYhveYVeFFpcP9UuuLze47ETxMfb2jx/PLhDm8aBXqp44zk2zkCbbZVBzxAu3DlRpN7WvH55Omq0U?client=youtube_it
      Transfer-Encoding:
      - chunked
      X-Content-Type-Options:
      - nosniff
      X-Frame-Options:
      - SAMEORIGIN
      X-Xss-Protection:
      - 1; mode=block
      Server:
      - GSE
    body:
      encoding: US-ASCII
      string: <?xml version='1.0' encoding='UTF-8'?><entry xmlns='http://www.w3.org/2005/Atom'
        xmlns:app='http://www.w3.org/2007/app' xmlns:media='http://search.yahoo.com/mrss/'
        xmlns:gd='http://schemas.google.com/g/2005' xmlns:yt='http://gdata.youtube.com/schemas/2007'
        gd:etag='W/&quot;YDwqeyM.&quot;'><id>tag:youtube.com,2008:playlist:PLrIYhveYVeFFpcP9UuuLze47ETxMfb2jx:PLhDm8aBXqp44zk2zkCbbZVBzxAu3DlRpN7WvH55Omq0U</id><published>2012-12-10T20:35:07.000Z</published><updated>1970-01-01T00:00:00.000Z</updated><app:edited>1970-01-01T00:00:00.000Z</app:edited><category
        scheme='http://schemas.google.com/g/2005#kind' term='http://gdata.youtube.com/schemas/2007#video'/><category
        scheme='http://gdata.youtube.com/schemas/2007/categories.cat' term='People'
        label='People &amp; Blogs'/><title>fundacion tuquito</title><content type='application/x-shockwave-flash'
        src='http://www.youtube.com/v/QsbmrCtiEUU?version=3&amp;f=playlists&amp;c=youtube_it&amp;d=AUDAt-8hctZ8nmBZRICL5GEO88HsQjpE1a8d1GxQnGDm&amp;app=youtube_gdata'/><link
        rel='alternate' type='text/html' href='http://www.youtube.com/watch?v=QsbmrCtiEUU&amp;feature=youtube_gdata'/><link
        rel='http://gdata.youtube.com/schemas/2007#video.responses' type='application/atom+xml'
        href='http://gdata.youtube.com/feeds/api/videos/QsbmrCtiEUU/responses?client=youtube_it'/><link
        rel='http://gdata.youtube.com/schemas/2007#video.ratings' type='application/atom+xml'
        href='http://gdata.youtube.com/feeds/api/videos/QsbmrCtiEUU/ratings?client=youtube_it'/><link
        rel='http://gdata.youtube.com/schemas/2007#video.complaints' type='application/atom+xml'
        href='http://gdata.youtube.com/feeds/api/videos/QsbmrCtiEUU/complaints?client=youtube_it'/><link
        rel='http://gdata.youtube.com/schemas/2007#video.related' type='application/atom+xml'
        href='http://gdata.youtube.com/feeds/api/videos/QsbmrCtiEUU/related?client=youtube_it'/><link
        rel='http://gdata.youtube.com/schemas/2007#mobile' type='text/html' href='http://m.youtube.com/details?v=QsbmrCtiEUU'/><link
        rel='http://gdata.youtube.com/schemas/2007#uploader' type='application/atom+xml'
        href='http://gdata.youtube.com/feeds/api/users/_EPuqJjzjgM7o0rZns01mg?client=youtube_it'/><link
        rel='related' type='application/atom+xml' href='http://gdata.youtube.com/feeds/api/videos/QsbmrCtiEUU?client=youtube_it'/><link
        rel='self' type='application/atom+xml' href='http://gdata.youtube.com/feeds/api/playlists/PLrIYhveYVeFFpcP9UuuLze47ETxMfb2jx/PLhDm8aBXqp44zk2zkCbbZVBzxAu3DlRpN7WvH55Omq0U?client=youtube_it'/><link
        rel='edit' type='application/atom+xml' href='http://gdata.youtube.com/feeds/api/playlists/PLrIYhveYVeFFpcP9UuuLze47ETxMfb2jx/PLhDm8aBXqp44zk2zkCbbZVBzxAu3DlRpN7WvH55Omq0U?client=youtube_it'/><author><name>tubeit2012pivotal</name><uri>http://gdata.youtube.com/feeds/api/users/tubeit2012pivotal</uri><yt:userId>G0vu_P1Z-C1R52lXhLDOjg</yt:userId></author><yt:accessControl
        action='comment' permission='allowed'/><yt:accessControl action='commentVote'
        permission='allowed'/><yt:accessControl action='videoRespond' permission='moderated'/><yt:accessControl
        action='rate' permission='allowed'/><yt:accessControl action='embed' permission='allowed'/><yt:accessControl
        action='list' permission='allowed'/><yt:accessControl action='autoPlay' permission='allowed'/><yt:accessControl
        action='syndicate' permission='allowed'/><gd:comments><gd:feedLink rel='http://gdata.youtube.com/schemas/2007#comments'
        href='http://gdata.youtube.com/feeds/api/videos/QsbmrCtiEUU/comments?client=youtube_it'
        countHint='0'/></gd:comments><yt:hd/><media:group><media:category label='People
        &amp; Blogs' scheme='http://gdata.youtube.com/schemas/2007/categories.cat'>People</media:category><media:content
        url='http://www.youtube.com/v/QsbmrCtiEUU?version=3&amp;f=playlists&amp;c=youtube_it&amp;d=AUDAt-8hctZ8nmBZRICL5GEO88HsQjpE1a8d1GxQnGDm&amp;app=youtube_gdata'
        type='application/x-shockwave-flash' medium='video' isDefault='true' expression='full'
        duration='127' yt:format='5'/><media:content url='rtsp://v6.cache7.c.youtube.com/ClQLENy73wIaSwlFEWIrrObGQhMYDSANFEIKeW91dHViZV9pdEgGUglwbGF5bGlzdHNyIQFAwLfvIXLWfJ5gWUSAi-RhDvPB7EI6RNWvHdRsUJxg5gw=/0/0/0/video.3gp'
        type='video/3gpp' medium='video' expression='full' duration='127' yt:format='1'/><media:content
        url='rtsp://v1.cache7.c.youtube.com/ClQLENy73wIaSwlFEWIrrObGQhMYESARFEIKeW91dHViZV9pdEgGUglwbGF5bGlzdHNyIQFAwLfvIXLWfJ5gWUSAi-RhDvPB7EI6RNWvHdRsUJxg5gw=/0/0/0/video.3gp'
        type='video/3gpp' medium='video' expression='full' duration='127' yt:format='6'/><media:credit
        role='uploader' scheme='urn:youtube' yt:display='Mauro Torres'>chebyte2006</media:credit><media:description
        type='plain'>video de la problematica actual que afronta el mundo</media:description><media:keywords/><media:license
        type='text/html' href='http://www.youtube.com/t/terms'>youtube</media:license><media:player
        url='http://www.youtube.com/watch?v=QsbmrCtiEUU&amp;feature=youtube_gdata_player'/><media:thumbnail
        url='http://i.ytimg.com/vi/QsbmrCtiEUU/default.jpg' height='90' width='120'
        time='00:01:03.500' yt:name='default'/><media:thumbnail url='http://i.ytimg.com/vi/QsbmrCtiEUU/mqdefault.jpg'
        height='180' width='320' yt:name='mqdefault'/><media:thumbnail url='http://i.ytimg.com/vi/QsbmrCtiEUU/hqdefault.jpg'
        height='360' width='480' yt:name='hqdefault'/><media:thumbnail url='http://i.ytimg.com/vi/QsbmrCtiEUU/sddefault.jpg'
        height='480' width='640' yt:name='sddefault'/><media:thumbnail url='http://i.ytimg.com/vi/QsbmrCtiEUU/1.jpg'
        height='90' width='120' time='00:00:31.750' yt:name='start'/><media:thumbnail
        url='http://i.ytimg.com/vi/QsbmrCtiEUU/2.jpg' height='90' width='120' time='00:01:03.500'
        yt:name='middle'/><media:thumbnail url='http://i.ytimg.com/vi/QsbmrCtiEUU/3.jpg'
        height='90' width='120' time='00:01:35.250' yt:name='end'/><media:title type='plain'>fundacion
        tuquito</media:title><yt:aspectRatio>widescreen</yt:aspectRatio><yt:duration
        seconds='127'/><yt:uploaded>2011-10-14T13:17:53.000Z</yt:uploaded><yt:uploaderId>UC_EPuqJjzjgM7o0rZns01mg</yt:uploaderId><yt:videoid>QsbmrCtiEUU</yt:videoid></media:group><gd:rating
        average='5.0' max='5' min='1' numRaters='3' rel='http://schemas.google.com/g/2005#overall'/><yt:statistics
        favoriteCount='0' viewCount='359'/><yt:rating numDislikes='0' numLikes='3'/><yt:position>2</yt:position></entry>
    http_version: 
  recorded_at: Mon, 10 Dec 2012 20:35:07 GMT
- request:
    method: get
    uri: http://gdata.youtube.com/feeds/api/playlists/PLrIYhveYVeFFpcP9UuuLze47ETxMfb2jx?orderby=title&v=2
    body:
      encoding: US-ASCII
      string: ''
    headers:
      Authorization:
      - Bearer ya29.AHES6ZT5P0YwKOZABwtcA0XkisPaWft9j-8PNP2yQttPDBM-
      X-Gdata-Client:
      - youtube_it
      X-Gdata-Key:
      - key=AI39si7RTOeLuL-210N-qa68taSVoJ2ZNc2UlY52VkTjf29AEonZ_MgKZirQmQOtHOh1hRWePy61bcZkZOEIu2vlsYKW8HlxrQ
      Gdata-Version:
      - '2.1'
      Content-Type:
      - application/atom+xml; charset=UTF-8
      Content-Length:
      - '0'
      Accept-Encoding:
      - gzip;q=1.0,deflate;q=0.6,identity;q=0.3
      Accept:
      - ! '*/*'
      User-Agent:
      - Ruby
  response:
    status:
      code: 200
      message: OK
    headers:
      X-Gdata-User-Country:
      - US
      Content-Type:
      - application/atom+xml; charset=UTF-8; type=feed
      Expires:
      - Mon, 10 Dec 2012 20:35:12 GMT
      Date:
      - Mon, 10 Dec 2012 20:35:12 GMT
      Cache-Control:
      - private, max-age=0, must-revalidate, no-transform
      Vary:
      - Accept, X-GData-Authorization, GData-Version
      Gdata-Version:
      - '2.1'
      Etag:
      - W/"C0AER347eCp7I2A9WhNWEUo."
      Last-Modified:
      - Mon, 10 Dec 2012 20:35:06 GMT
      X-Content-Type-Options:
      - nosniff
      X-Frame-Options:
      - SAMEORIGIN
      X-Xss-Protection:
      - 1; mode=block
      Server:
      - GSE
      Transfer-Encoding:
      - chunked
    body:
      encoding: US-ASCII
      string: <?xml version='1.0' encoding='UTF-8'?><feed xmlns='http://www.w3.org/2005/Atom'
        xmlns:app='http://www.w3.org/2007/app' xmlns:media='http://search.yahoo.com/mrss/'
        xmlns:openSearch='http://a9.com/-/spec/opensearch/1.1/' xmlns:gd='http://schemas.google.com/g/2005'
        xmlns:yt='http://gdata.youtube.com/schemas/2007' gd:etag='W/&quot;C0AER347eCp7I2A9WhNWEUo.&quot;'><id>tag:youtube.com,2008:playlist:PLrIYhveYVeFFpcP9UuuLze47ETxMfb2jx</id><updated>2012-12-10T20:35:06.000Z</updated><category
        scheme='http://schemas.google.com/g/2005#kind' term='http://gdata.youtube.com/schemas/2007#playlist'/><title>youtube_it
        test!</title><subtitle>test playlist</subtitle><logo>http://www.youtube.com/img/pic_youtubelogo_123x63.gif</logo><link
        rel='alternate' type='text/html' href='http://www.youtube.com/playlist?list=PLrIYhveYVeFFpcP9UuuLze47ETxMfb2jx'/><link
        rel='http://schemas.google.com/g/2005#feed' type='application/atom+xml' href='http://gdata.youtube.com/feeds/api/playlists/PLrIYhveYVeFFpcP9UuuLze47ETxMfb2jx?client=youtube_it'/><link
        rel='http://schemas.google.com/g/2005#post' type='application/atom+xml' href='http://gdata.youtube.com/feeds/api/playlists/PLrIYhveYVeFFpcP9UuuLze47ETxMfb2jx?client=youtube_it'/><link
        rel='http://schemas.google.com/g/2005#batch' type='application/atom+xml' href='http://gdata.youtube.com/feeds/api/playlists/PLrIYhveYVeFFpcP9UuuLze47ETxMfb2jx/batch?client=youtube_it'/><link
        rel='self' type='application/atom+xml' href='http://gdata.youtube.com/feeds/api/playlists/PLrIYhveYVeFFpcP9UuuLze47ETxMfb2jx?start-index=1&amp;max-results=25&amp;orderby=title&amp;client=youtube_it'/><link
        rel='service' type='application/atomsvc+xml' href='http://gdata.youtube.com/feeds/api/playlists/PLrIYhveYVeFFpcP9UuuLze47ETxMfb2jx?alt=atom-service'/><author><name>tubeit2012pivotal</name><uri>http://gdata.youtube.com/feeds/api/users/tubeit2012pivotal</uri><yt:userId>G0vu_P1Z-C1R52lXhLDOjg</yt:userId></author><generator
        version='2.1' uri='http://gdata.youtube.com'>YouTube data API</generator><openSearch:totalResults>2</openSearch:totalResults><openSearch:startIndex>1</openSearch:startIndex><openSearch:itemsPerPage>25</openSearch:itemsPerPage><media:group><media:content
        url='http://www.youtube.com/p/PLrIYhveYVeFFpcP9UuuLze47ETxMfb2jx' type='application/x-shockwave-flash'
        yt:format='5'/><media:description type='plain'>test playlist</media:description><media:thumbnail
        url='http://i.ytimg.com/vi/fFAnoEYFUQw/default.jpg' height='90' width='120'
        yt:name='default'/><media:thumbnail url='http://i.ytimg.com/vi/fFAnoEYFUQw/mqdefault.jpg'
        height='180' width='320' yt:name='mqdefault'/><media:thumbnail url='http://i.ytimg.com/vi/fFAnoEYFUQw/hqdefault.jpg'
        height='360' width='480' yt:name='hqdefault'/><media:title type='plain'>youtube_it
        test!</media:title></media:group><yt:playlistId>PLrIYhveYVeFFpcP9UuuLze47ETxMfb2jx</yt:playlistId><entry
        gd:etag='W/&quot;YDwqeyM.&quot;'><id>tag:youtube.com,2008:playlist:PLrIYhveYVeFFpcP9UuuLze47ETxMfb2jx:PLhDm8aBXqp44zk2zkCbbZVMAVMPEY-XTJl0g1sc4Njwg</id><published>2012-12-10T20:35:07.000Z</published><updated>1970-01-01T00:00:00.000Z</updated><app:edited>1970-01-01T00:00:00.000Z</app:edited><category
        scheme='http://schemas.google.com/g/2005#kind' term='http://gdata.youtube.com/schemas/2007#video'/><category
        scheme='http://gdata.youtube.com/schemas/2007/categories.cat' term='Entertainment'
        label='Entertainment'/><title>Boris The Bad Dog</title><content type='application/x-shockwave-flash'
        src='http://www.youtube.com/v/fFAnoEYFUQw?version=3&amp;f=playlists&amp;c=youtube_it&amp;d=AUDAt-8hctZ8nmBZRICL5GEO88HsQjpE1a8d1GxQnGDm&amp;app=youtube_gdata'/><link
        rel='alternate' type='text/html' href='http://www.youtube.com/watch?v=fFAnoEYFUQw&amp;feature=youtube_gdata'/><link
        rel='http://gdata.youtube.com/schemas/2007#video.responses' type='application/atom+xml'
        href='http://gdata.youtube.com/feeds/api/videos/fFAnoEYFUQw/responses?client=youtube_it'/><link
        rel='http://gdata.youtube.com/schemas/2007#video.ratings' type='application/atom+xml'
        href='http://gdata.youtube.com/feeds/api/videos/fFAnoEYFUQw/ratings?client=youtube_it'/><link
        rel='http://gdata.youtube.com/schemas/2007#video.complaints' type='application/atom+xml'
        href='http://gdata.youtube.com/feeds/api/videos/fFAnoEYFUQw/complaints?client=youtube_it'/><link
        rel='http://gdata.youtube.com/schemas/2007#video.related' type='application/atom+xml'
        href='http://gdata.youtube.com/feeds/api/videos/fFAnoEYFUQw/related?client=youtube_it'/><link
        rel='http://gdata.youtube.com/schemas/2007#mobile' type='text/html' href='http://m.youtube.com/details?v=fFAnoEYFUQw'/><link
        rel='http://gdata.youtube.com/schemas/2007#uploader' type='application/atom+xml'
        href='http://gdata.youtube.com/feeds/api/users/_EPuqJjzjgM7o0rZns01mg?client=youtube_it'/><link
        rel='related' type='application/atom+xml' href='http://gdata.youtube.com/feeds/api/videos/fFAnoEYFUQw?client=youtube_it'/><link
        rel='self' type='application/atom+xml' href='http://gdata.youtube.com/feeds/api/playlists/PLrIYhveYVeFFpcP9UuuLze47ETxMfb2jx/PLhDm8aBXqp44zk2zkCbbZVMAVMPEY-XTJl0g1sc4Njwg?client=youtube_it'/><link
        rel='edit' type='application/atom+xml' href='http://gdata.youtube.com/feeds/api/playlists/PLrIYhveYVeFFpcP9UuuLze47ETxMfb2jx/PLhDm8aBXqp44zk2zkCbbZVMAVMPEY-XTJl0g1sc4Njwg?client=youtube_it'/><author><name>tubeit2012pivotal</name><uri>http://gdata.youtube.com/feeds/api/users/tubeit2012pivotal</uri><yt:userId>G0vu_P1Z-C1R52lXhLDOjg</yt:userId></author><yt:accessControl
        action='comment' permission='allowed'/><yt:accessControl action='commentVote'
        permission='allowed'/><yt:accessControl action='videoRespond' permission='moderated'/><yt:accessControl
        action='rate' permission='allowed'/><yt:accessControl action='embed' permission='allowed'/><yt:accessControl
        action='list' permission='allowed'/><yt:accessControl action='autoPlay' permission='allowed'/><yt:accessControl
        action='syndicate' permission='allowed'/><gd:comments><gd:feedLink rel='http://gdata.youtube.com/schemas/2007#comments'
        href='http://gdata.youtube.com/feeds/api/videos/fFAnoEYFUQw/comments?client=youtube_it'
        countHint='0'/></gd:comments><yt:hd/><media:group><media:category label='Entertainment'
        scheme='http://gdata.youtube.com/schemas/2007/categories.cat'>Entertainment</media:category><media:content
        url='http://www.youtube.com/v/fFAnoEYFUQw?version=3&amp;f=playlists&amp;c=youtube_it&amp;d=AUDAt-8hctZ8nmBZRICL5GEO88HsQjpE1a8d1GxQnGDm&amp;app=youtube_gdata'
        type='application/x-shockwave-flash' medium='video' isDefault='true' expression='full'
        duration='63' yt:format='5'/><media:content url='rtsp://v2.cache6.c.youtube.com/ClQLENy73wIaSwkMUQVGoCdQfBMYDSANFEIKeW91dHViZV9pdEgGUglwbGF5bGlzdHNyIQFAwLfvIXLWfJ5gWUSAi-RhDvPB7EI6RNWvHdRsUJxg5gw=/0/0/0/video.3gp'
        type='video/3gpp' medium='video' expression='full' duration='63' yt:format='1'/><media:content
        url='rtsp://v2.cache4.c.youtube.com/ClQLENy73wIaSwkMUQVGoCdQfBMYESARFEIKeW91dHViZV9pdEgGUglwbGF5bGlzdHNyIQFAwLfvIXLWfJ5gWUSAi-RhDvPB7EI6RNWvHdRsUJxg5gw=/0/0/0/video.3gp'
        type='video/3gpp' medium='video' expression='full' duration='63' yt:format='6'/><media:credit
        role='uploader' scheme='urn:youtube' yt:display='Mauro Torres'>chebyte2006</media:credit><media:description
        type='plain'>Historia de un perro malo</media:description><media:keywords/><media:license
        type='text/html' href='http://www.youtube.com/t/terms'>youtube</media:license><media:player
        url='http://www.youtube.com/watch?v=fFAnoEYFUQw&amp;feature=youtube_gdata_player'/><media:thumbnail
        url='http://i.ytimg.com/vi/fFAnoEYFUQw/default.jpg' height='90' width='120'
        time='00:00:31.500' yt:name='default'/><media:thumbnail url='http://i.ytimg.com/vi/fFAnoEYFUQw/mqdefault.jpg'
        height='180' width='320' yt:name='mqdefault'/><media:thumbnail url='http://i.ytimg.com/vi/fFAnoEYFUQw/hqdefault.jpg'
        height='360' width='480' yt:name='hqdefault'/><media:thumbnail url='http://i.ytimg.com/vi/fFAnoEYFUQw/sddefault.jpg'
        height='480' width='640' yt:name='sddefault'/><media:thumbnail url='http://i.ytimg.com/vi/fFAnoEYFUQw/1.jpg'
        height='90' width='120' time='00:00:15.750' yt:name='start'/><media:thumbnail
        url='http://i.ytimg.com/vi/fFAnoEYFUQw/2.jpg' height='90' width='120' time='00:00:31.500'
        yt:name='middle'/><media:thumbnail url='http://i.ytimg.com/vi/fFAnoEYFUQw/3.jpg'
        height='90' width='120' time='00:00:47.250' yt:name='end'/><media:title type='plain'>Boris
        The Bad Dog</media:title><yt:aspectRatio>widescreen</yt:aspectRatio><yt:duration
        seconds='63'/><yt:uploaded>2012-03-21T20:27:55.000Z</yt:uploaded><yt:uploaderId>UC_EPuqJjzjgM7o0rZns01mg</yt:uploaderId><yt:videoid>fFAnoEYFUQw</yt:videoid></media:group><yt:statistics
        favoriteCount='0' viewCount='88'/><yt:position>1</yt:position></entry><entry
        gd:etag='W/&quot;YDwqeyM.&quot;'><id>tag:youtube.com,2008:playlist:PLrIYhveYVeFFpcP9UuuLze47ETxMfb2jx:PLhDm8aBXqp44zk2zkCbbZVBzxAu3DlRpN7WvH55Omq0U</id><published>2012-12-10T20:35:07.000Z</published><updated>1970-01-01T00:00:00.000Z</updated><app:edited>1970-01-01T00:00:00.000Z</app:edited><category
        scheme='http://schemas.google.com/g/2005#kind' term='http://gdata.youtube.com/schemas/2007#video'/><category
        scheme='http://gdata.youtube.com/schemas/2007/categories.cat' term='People'
        label='People &amp; Blogs'/><title>fundacion tuquito</title><content type='application/x-shockwave-flash'
        src='http://www.youtube.com/v/QsbmrCtiEUU?version=3&amp;f=playlists&amp;c=youtube_it&amp;d=AUDAt-8hctZ8nmBZRICL5GEO88HsQjpE1a8d1GxQnGDm&amp;app=youtube_gdata'/><link
        rel='alternate' type='text/html' href='http://www.youtube.com/watch?v=QsbmrCtiEUU&amp;feature=youtube_gdata'/><link
        rel='http://gdata.youtube.com/schemas/2007#video.responses' type='application/atom+xml'
        href='http://gdata.youtube.com/feeds/api/videos/QsbmrCtiEUU/responses?client=youtube_it'/><link
        rel='http://gdata.youtube.com/schemas/2007#video.ratings' type='application/atom+xml'
        href='http://gdata.youtube.com/feeds/api/videos/QsbmrCtiEUU/ratings?client=youtube_it'/><link
        rel='http://gdata.youtube.com/schemas/2007#video.complaints' type='application/atom+xml'
        href='http://gdata.youtube.com/feeds/api/videos/QsbmrCtiEUU/complaints?client=youtube_it'/><link
        rel='http://gdata.youtube.com/schemas/2007#video.related' type='application/atom+xml'
        href='http://gdata.youtube.com/feeds/api/videos/QsbmrCtiEUU/related?client=youtube_it'/><link
        rel='http://gdata.youtube.com/schemas/2007#mobile' type='text/html' href='http://m.youtube.com/details?v=QsbmrCtiEUU'/><link
        rel='http://gdata.youtube.com/schemas/2007#uploader' type='application/atom+xml'
        href='http://gdata.youtube.com/feeds/api/users/_EPuqJjzjgM7o0rZns01mg?client=youtube_it'/><link
        rel='related' type='application/atom+xml' href='http://gdata.youtube.com/feeds/api/videos/QsbmrCtiEUU?client=youtube_it'/><link
        rel='self' type='application/atom+xml' href='http://gdata.youtube.com/feeds/api/playlists/PLrIYhveYVeFFpcP9UuuLze47ETxMfb2jx/PLhDm8aBXqp44zk2zkCbbZVBzxAu3DlRpN7WvH55Omq0U?client=youtube_it'/><link
        rel='edit' type='application/atom+xml' href='http://gdata.youtube.com/feeds/api/playlists/PLrIYhveYVeFFpcP9UuuLze47ETxMfb2jx/PLhDm8aBXqp44zk2zkCbbZVBzxAu3DlRpN7WvH55Omq0U?client=youtube_it'/><author><name>tubeit2012pivotal</name><uri>http://gdata.youtube.com/feeds/api/users/tubeit2012pivotal</uri><yt:userId>G0vu_P1Z-C1R52lXhLDOjg</yt:userId></author><yt:accessControl
        action='comment' permission='allowed'/><yt:accessControl action='commentVote'
        permission='allowed'/><yt:accessControl action='videoRespond' permission='moderated'/><yt:accessControl
        action='rate' permission='allowed'/><yt:accessControl action='embed' permission='allowed'/><yt:accessControl
        action='list' permission='allowed'/><yt:accessControl action='autoPlay' permission='allowed'/><yt:accessControl
        action='syndicate' permission='allowed'/><gd:comments><gd:feedLink rel='http://gdata.youtube.com/schemas/2007#comments'
        href='http://gdata.youtube.com/feeds/api/videos/QsbmrCtiEUU/comments?client=youtube_it'
        countHint='0'/></gd:comments><yt:hd/><media:group><media:category label='People
        &amp; Blogs' scheme='http://gdata.youtube.com/schemas/2007/categories.cat'>People</media:category><media:content
        url='http://www.youtube.com/v/QsbmrCtiEUU?version=3&amp;f=playlists&amp;c=youtube_it&amp;d=AUDAt-8hctZ8nmBZRICL5GEO88HsQjpE1a8d1GxQnGDm&amp;app=youtube_gdata'
        type='application/x-shockwave-flash' medium='video' isDefault='true' expression='full'
        duration='127' yt:format='5'/><media:content url='rtsp://v6.cache7.c.youtube.com/ClQLENy73wIaSwlFEWIrrObGQhMYDSANFEIKeW91dHViZV9pdEgGUglwbGF5bGlzdHNyIQFAwLfvIXLWfJ5gWUSAi-RhDvPB7EI6RNWvHdRsUJxg5gw=/0/0/0/video.3gp'
        type='video/3gpp' medium='video' expression='full' duration='127' yt:format='1'/><media:content
        url='rtsp://v1.cache7.c.youtube.com/ClQLENy73wIaSwlFEWIrrObGQhMYESARFEIKeW91dHViZV9pdEgGUglwbGF5bGlzdHNyIQFAwLfvIXLWfJ5gWUSAi-RhDvPB7EI6RNWvHdRsUJxg5gw=/0/0/0/video.3gp'
        type='video/3gpp' medium='video' expression='full' duration='127' yt:format='6'/><media:credit
        role='uploader' scheme='urn:youtube' yt:display='Mauro Torres'>chebyte2006</media:credit><media:description
        type='plain'>video de la problematica actual que afronta el mundo</media:description><media:keywords/><media:license
        type='text/html' href='http://www.youtube.com/t/terms'>youtube</media:license><media:player
        url='http://www.youtube.com/watch?v=QsbmrCtiEUU&amp;feature=youtube_gdata_player'/><media:thumbnail
        url='http://i.ytimg.com/vi/QsbmrCtiEUU/default.jpg' height='90' width='120'
        time='00:01:03.500' yt:name='default'/><media:thumbnail url='http://i.ytimg.com/vi/QsbmrCtiEUU/mqdefault.jpg'
        height='180' width='320' yt:name='mqdefault'/><media:thumbnail url='http://i.ytimg.com/vi/QsbmrCtiEUU/hqdefault.jpg'
        height='360' width='480' yt:name='hqdefault'/><media:thumbnail url='http://i.ytimg.com/vi/QsbmrCtiEUU/sddefault.jpg'
        height='480' width='640' yt:name='sddefault'/><media:thumbnail url='http://i.ytimg.com/vi/QsbmrCtiEUU/1.jpg'
        height='90' width='120' time='00:00:31.750' yt:name='start'/><media:thumbnail
        url='http://i.ytimg.com/vi/QsbmrCtiEUU/2.jpg' height='90' width='120' time='00:01:03.500'
        yt:name='middle'/><media:thumbnail url='http://i.ytimg.com/vi/QsbmrCtiEUU/3.jpg'
        height='90' width='120' time='00:01:35.250' yt:name='end'/><media:title type='plain'>fundacion
        tuquito</media:title><yt:aspectRatio>widescreen</yt:aspectRatio><yt:duration
        seconds='127'/><yt:uploaded>2011-10-14T13:17:53.000Z</yt:uploaded><yt:uploaderId>UC_EPuqJjzjgM7o0rZns01mg</yt:uploaderId><yt:videoid>QsbmrCtiEUU</yt:videoid></media:group><gd:rating
        average='5.0' max='5' min='1' numRaters='3' rel='http://schemas.google.com/g/2005#overall'/><yt:statistics
        favoriteCount='0' viewCount='359'/><yt:rating numDislikes='0' numLikes='3'/><yt:position>2</yt:position></entry></feed>
    http_version: 
  recorded_at: Mon, 10 Dec 2012 20:35:12 GMT
- request:
    method: delete
    uri: http://gdata.youtube.com/feeds/api/playlists/PLrIYhveYVeFFpcP9UuuLze47ETxMfb2jx/PLhDm8aBXqp44zk2zkCbbZVMAVMPEY-XTJl0g1sc4Njwg
    body:
      encoding: US-ASCII
      string: ''
    headers:
      Authorization:
      - Bearer ya29.AHES6ZT5P0YwKOZABwtcA0XkisPaWft9j-8PNP2yQttPDBM-
      X-Gdata-Client:
      - youtube_it
      X-Gdata-Key:
      - key=AI39si7RTOeLuL-210N-qa68taSVoJ2ZNc2UlY52VkTjf29AEonZ_MgKZirQmQOtHOh1hRWePy61bcZkZOEIu2vlsYKW8HlxrQ
      Gdata-Version:
      - '2.1'
      Content-Type:
      - application/atom+xml; charset=UTF-8
      Content-Length:
      - '0'
      Accept:
      - ! '*/*'
      User-Agent:
      - Ruby
  response:
    status:
      code: 200
      message: OK
    headers:
      X-Gdata-User-Country:
      - US
      Gdata-Version:
      - '2.1'
      Date:
      - Mon, 10 Dec 2012 20:35:12 GMT
      Expires:
      - Mon, 10 Dec 2012 20:35:12 GMT
      Cache-Control:
      - private, max-age=0
      X-Content-Type-Options:
      - nosniff
      X-Frame-Options:
      - SAMEORIGIN
      X-Xss-Protection:
      - 1; mode=block
      Content-Length:
      - '0'
      Server:
      - GSE
      Content-Type:
      - text/html; charset=UTF-8
    body:
      encoding: US-ASCII
      string: ''
    http_version: 
  recorded_at: Mon, 10 Dec 2012 20:35:12 GMT
- request:
    method: delete
    uri: http://gdata.youtube.com/feeds/api/playlists/PLrIYhveYVeFFpcP9UuuLze47ETxMfb2jx/PLhDm8aBXqp44zk2zkCbbZVBzxAu3DlRpN7WvH55Omq0U
    body:
      encoding: US-ASCII
      string: ''
    headers:
      Authorization:
      - Bearer ya29.AHES6ZT5P0YwKOZABwtcA0XkisPaWft9j-8PNP2yQttPDBM-
      X-Gdata-Client:
      - youtube_it
      X-Gdata-Key:
      - key=AI39si7RTOeLuL-210N-qa68taSVoJ2ZNc2UlY52VkTjf29AEonZ_MgKZirQmQOtHOh1hRWePy61bcZkZOEIu2vlsYKW8HlxrQ
      Gdata-Version:
      - '2.1'
      Content-Type:
      - application/atom+xml; charset=UTF-8
      Content-Length:
      - '0'
      Accept:
      - ! '*/*'
      User-Agent:
      - Ruby
  response:
    status:
      code: 200
      message: OK
    headers:
      X-Gdata-User-Country:
      - US
      Gdata-Version:
      - '2.1'
      Date:
      - Mon, 10 Dec 2012 20:35:12 GMT
      Expires:
      - Mon, 10 Dec 2012 20:35:12 GMT
      Cache-Control:
      - private, max-age=0
      X-Content-Type-Options:
      - nosniff
      X-Frame-Options:
      - SAMEORIGIN
      X-Xss-Protection:
      - 1; mode=block
      Content-Length:
      - '0'
      Server:
      - GSE
      Content-Type:
      - text/html; charset=UTF-8
    body:
      encoding: US-ASCII
      string: ''
    http_version: 
  recorded_at: Mon, 10 Dec 2012 20:35:12 GMT
- request:
    method: delete
    uri: http://gdata.youtube.com/feeds/api/users/default/playlists/PLrIYhveYVeFFpcP9UuuLze47ETxMfb2jx
    body:
      encoding: US-ASCII
      string: ''
    headers:
      Authorization:
      - Bearer ya29.AHES6ZT5P0YwKOZABwtcA0XkisPaWft9j-8PNP2yQttPDBM-
      X-Gdata-Client:
      - youtube_it
      X-Gdata-Key:
      - key=AI39si7RTOeLuL-210N-qa68taSVoJ2ZNc2UlY52VkTjf29AEonZ_MgKZirQmQOtHOh1hRWePy61bcZkZOEIu2vlsYKW8HlxrQ
      Gdata-Version:
      - '2.1'
      Content-Type:
      - application/atom+xml; charset=UTF-8
      Content-Length:
      - '0'
      Accept:
      - ! '*/*'
      User-Agent:
      - Ruby
  response:
    status:
      code: 200
      message: OK
    headers:
      X-Gdata-User-Country:
      - US
      Gdata-Version:
      - '2.1'
      Date:
      - Mon, 10 Dec 2012 20:35:12 GMT
      Expires:
      - Mon, 10 Dec 2012 20:35:12 GMT
      Cache-Control:
      - private, max-age=0
      X-Content-Type-Options:
      - nosniff
      X-Frame-Options:
      - SAMEORIGIN
      X-Xss-Protection:
      - 1; mode=block
      Content-Length:
      - '0'
      Server:
      - GSE
      Content-Type:
      - text/html; charset=UTF-8
    body:
      encoding: US-ASCII
      string: ''
    http_version: 
  recorded_at: Mon, 10 Dec 2012 20:35:12 GMT
recorded_with: VCR 2.1.1
