--- 
recorded_with: VCR 2.1.1
http_interactions: 
- request: 
    method: post
    uri: https://www.google.com/youtube/accounts/ClientLogin
    body: 
      string: Email=tubeit20101&Passwd=youtube_it&service=youtube&source=youtube_it
    headers: 
      Content-Type: 
      - application/x-www-form-urlencoded
      Accept: 
      - "*/*"
  response: 
    status: 
      code: 200
      message: OK
    headers: 
      X-Frame-Options: 
      - SAMEORIGIN
      Content-Type: 
      - text/plain
      Date: 
      - Wed, 16 May 2012 13:45:37 GMT
      X-Xss-Protection: 
      - 1; mode=block
      X-Gdata-User-Country: 
      - FR
      Content-Length: 
      - "297"
      Server: 
      - GSE
      X-Content-Type-Options: 
      - nosniff
      Expires: 
      - Wed, 16 May 2012 13:45:37 GMT
      Cache-Control: 
      - private, max-age=0
    body: 
      string: |
        Auth=DQAAALcAAABNu2zNrmQWTM0rhTi6woCzcl6PcVrTxU5dP9qlY7VhtZQvY3aQyYR6stkQOLMOxuNiRFZFjUBFMrsVhzamsR74fEwbzGI8EK38mhvi-3gcBBcvgj7Z6fB3tGS65y2XcMzxsj6n46B9SbCkR24XVqwinhA0iQn744vAr7M8bN3q-3OLz8_g9r0GcNjZcH3p3j-XI-3YHmp_SjrhKl3aYVhA7tgWtY5KOyzab0fX-lc912_xGcPg6mITdwkieQKBhP0
        YouTubeUser=tubeit20101

    http_version: 
  recorded_at: Wed, 16 May 2012 13:45:38 GMT
- request: 
    method: get
    uri: http://gdata.youtube.com/feeds/api/users/default/subscriptions?v=2
    body: 
      string: ""
    headers: 
      Authorization: 
      - GoogleLogin auth=DQAAALcAAABNu2zNrmQWTM0rhTi6woCzcl6PcVrTxU5dP9qlY7VhtZQvY3aQyYR6stkQOLMOxuNiRFZFjUBFMrsVhzamsR74fEwbzGI8EK38mhvi-3gcBBcvgj7Z6fB3tGS65y2XcMzxsj6n46B9SbCkR24XVqwinhA0iQn744vAr7M8bN3q-3OLz8_g9r0GcNjZcH3p3j-XI-3YHmp_SjrhKl3aYVhA7tgWtY5KOyzab0fX-lc912_xGcPg6mITdwkieQKBhP0
      Content-Type: 
      - application/atom+xml; charset=UTF-8
      Content-Length: 
      - "0"
      X-Gdata-Client: 
      - youtube_it
      X-Gdata-Key: 
      - key=AI39si411VBmO4Im9l0rfRsORXDI6F5AX5NlTIA4uHSWqa-Cgf-jUQG-6osUBB3PTLawLHlkKXPLr3B0pNcGU9wkNd11gIgdPg
      Accept: 
      - "*/*"
      Gdata-Version: 
      - "2"
  response: 
    status: 
      code: 200
      message: OK
    headers: 
      Vary: 
      - Accept, X-GData-Authorization, GData-Version
      X-Frame-Options: 
      - SAMEORIGIN
      Last-Modified: 
      - Wed, 16 May 2012 13:45:38 GMT
      Etag: 
      - W/"D04HSXg4cSp7I2A9WhVUEUo."
      Transfer-Encoding: 
      - chunked
      Content-Type: 
      - application/atom+xml; charset=UTF-8; type=feed
      Date: 
      - Wed, 16 May 2012 13:45:38 GMT
      X-Xss-Protection: 
      - 1; mode=block
      X-Gdata-User-Country: 
      - FR
      Server: 
      - GSE
      X-Content-Type-Options: 
      - nosniff
      Expires: 
      - Wed, 16 May 2012 13:45:38 GMT
      Cache-Control: 
      - private, max-age=0, must-revalidate, no-transform
      Gdata-Version: 
      - "2.1"
    body: 
      string: <?xml version='1.0' encoding='UTF-8'?><feed xmlns='http://www.w3.org/2005/Atom' xmlns:openSearch='http://a9.com/-/spec/opensearch/1.1/' xmlns:gd='http://schemas.google.com/g/2005' xmlns:yt='http://gdata.youtube.com/schemas/2007' gd:etag='W/&quot;D04HSXg4cSp7I2A9WhVUEUo.&quot;'><id>tag:youtube.com,2008:user:tubeit20101:subscriptions</id><updated>2012-05-16T13:45:38.639Z</updated><category scheme='http://schemas.google.com/g/2005#kind' term='http://gdata.youtube.com/schemas/2007#subscription'/><title>Subscriptions of tubeit20101</title><logo>http://www.youtube.com/img/pic_youtubelogo_123x63.gif</logo><link rel='related' type='application/atom+xml' href='http://gdata.youtube.com/feeds/api/users/tubeit20101?client=youtube_it'/><link rel='alternate' type='text/html' href='http://www.youtube.com'/><link rel='hub' href='http://pubsubhubbub.appspot.com'/><link rel='http://schemas.google.com/g/2005#feed' type='application/atom+xml' href='http://gdata.youtube.com/feeds/api/users/tubeit20101/subscriptions?client=youtube_it'/><link rel='http://schemas.google.com/g/2005#post' type='application/atom+xml' href='http://gdata.youtube.com/feeds/api/users/tubeit20101/subscriptions?client=youtube_it'/><link rel='http://schemas.google.com/g/2005#batch' type='application/atom+xml' href='http://gdata.youtube.com/feeds/api/users/tubeit20101/subscriptions/batch?client=youtube_it'/><link rel='self' type='application/atom+xml' href='http://gdata.youtube.com/feeds/api/users/tubeit20101/subscriptions?start-index=1&amp;max-results=25&amp;client=youtube_it'/><link rel='service' type='application/atomsvc+xml' href='http://gdata.youtube.com/feeds/api/users/tubeit20101/subscriptions?alt=atom-service'/><author><name>tubeit20101</name><uri>http://gdata.youtube.com/feeds/api/users/tubeit20101</uri><yt:userId>WWmLvppy3j64IGmA2dpCyw</yt:userId></author><generator version='2.1' uri='http://gdata.youtube.com'>YouTube data API</generator><openSearch:totalResults>0</openSearch:totalResults><openSearch:startIndex>1</openSearch:startIndex><openSearch:itemsPerPage>25</openSearch:itemsPerPage></feed>
    http_version: 
  recorded_at: Wed, 16 May 2012 13:45:38 GMT
- request: 
    method: post
    uri: http://gdata.youtube.com/feeds/api/users/default/subscriptions
    body: 
      string: <?xml version="1.0" encoding="UTF-8"?><entry xmlns="http://www.w3.org/2005/Atom" xmlns:yt="http://gdata.youtube.com/schemas/2007"><category term="channel" scheme="http://gdata.youtube.com/schemas/2007/subscriptiontypes.cat"/><yt:username>TheWoWArthas</yt:username></entry>
    headers: 
      Authorization: 
      - GoogleLogin auth=DQAAALcAAABNu2zNrmQWTM0rhTi6woCzcl6PcVrTxU5dP9qlY7VhtZQvY3aQyYR6stkQOLMOxuNiRFZFjUBFMrsVhzamsR74fEwbzGI8EK38mhvi-3gcBBcvgj7Z6fB3tGS65y2XcMzxsj6n46B9SbCkR24XVqwinhA0iQn744vAr7M8bN3q-3OLz8_g9r0GcNjZcH3p3j-XI-3YHmp_SjrhKl3aYVhA7tgWtY5KOyzab0fX-lc912_xGcPg6mITdwkieQKBhP0
      Content-Type: 
      - application/atom+xml; charset=UTF-8
      Content-Length: 
      - "272"
      X-Gdata-Client: 
      - youtube_it
      X-Gdata-Key: 
      - key=AI39si411VBmO4Im9l0rfRsORXDI6F5AX5NlTIA4uHSWqa-Cgf-jUQG-6osUBB3PTLawLHlkKXPLr3B0pNcGU9wkNd11gIgdPg
      Accept: 
      - "*/*"
      Gdata-Version: 
      - "2"
  response: 
    status: 
      code: 201
      message: Created
    headers: 
      Content-Location: 
      - http://gdata.youtube.com/feeds/api/users/tubeit20101/subscriptions/CIkfWE_Ny0mAoJ7Nm4eFkCWX7RM2ig-FhqeXULHXEIU?client=youtube_it
      Vary: 
      - Accept, X-GData-Authorization, GData-Version
      X-Frame-Options: 
      - SAMEORIGIN
      Etag: 
      - W/"D04ARX47eCp7I2A9WhVUEUo."
      Location: 
      - http://gdata.youtube.com/feeds/api/users/tubeit20101/subscriptions/CIkfWE_Ny0mAoJ7Nm4eFkCWX7RM2ig-FhqeXULHXEIU?client=youtube_it
      Transfer-Encoding: 
      - chunked
      Content-Type: 
      - application/atom+xml; charset=UTF-8; type=entry
      Date: 
      - Wed, 16 May 2012 13:45:44 GMT
      X-Xss-Protection: 
      - 1; mode=block
      X-Gdata-User-Country: 
      - FR
      Server: 
      - GSE
      X-Content-Type-Options: 
      - nosniff
      Expires: 
      - Wed, 16 May 2012 13:45:44 GMT
      Cache-Control: 
      - private, max-age=0, must-revalidate, no-transform
      Gdata-Version: 
      - "2.1"
    body: 
      string: "<?xml version='1.0' encoding='UTF-8'?><entry xmlns='http://www.w3.org/2005/Atom' xmlns:app='http://www.w3.org/2007/app' xmlns:gd='http://schemas.google.com/g/2005' xmlns:yt='http://gdata.youtube.com/schemas/2007' gd:etag='W/&quot;D04ARX47eCp7I2A9WhVUEUo.&quot;'><id>tag:youtube.com,2008:user:tubeit20101:subscription:CIkfWE_Ny0mAoJ7Nm4eFkCWX7RM2ig-FhqeXULHXEIU</id><published>2012-05-16T13:45:44.000Z</published><updated>2012-05-16T13:45:44.000Z</updated><app:edited>2012-05-16T13:45:44.000Z</app:edited><category scheme='http://schemas.google.com/g/2005#kind' term='http://gdata.youtube.com/schemas/2007#subscription'/><category scheme='http://gdata.youtube.com/schemas/2007/subscriptiontypes.cat' term='channel'/><title>Videos published by: TheWoWArthas</title><content type='application/atom+xml;type=feed' src='http://gdata.youtube.com/feeds/api/users/thewowarthas/uploads'/><link rel='related' type='application/atom+xml' href='http://gdata.youtube.com/feeds/api/users/thewowarthas?client=youtube_it'/><link rel='alternate' type='text/html' href='http://www.youtube.com/channel/UC7ndmSuGt6yKM-BiurW1utg/videos'/><link rel='self' type='application/atom+xml' href='http://gdata.youtube.com/feeds/api/users/tubeit20101/subscriptions/CIkfWE_Ny0mAoJ7Nm4eFkCWX7RM2ig-FhqeXULHXEIU?client=youtube_it'/><link rel='edit' type='application/atom+xml' href='http://gdata.youtube.com/feeds/api/users/tubeit20101/subscriptions/CIkfWE_Ny0mAoJ7Nm4eFkCWX7RM2ig-FhqeXULHXEIU?client=youtube_it'/><author><name>tubeit20101</name><uri>http://gdata.youtube.com/feeds/api/users/tubeit20101</uri><yt:userId>WWmLvppy3j64IGmA2dpCyw</yt:userId></author><yt:username display='TheWoWArthas'>thewowarthas</yt:username></entry>"
    http_version: 
  recorded_at: Wed, 16 May 2012 13:45:44 GMT
- request: 
    method: get
    uri: http://gdata.youtube.com/feeds/api/users/default/subscriptions?v=2
    body: 
      string: ""
    headers: 
      Authorization: 
      - GoogleLogin auth=DQAAALcAAABNu2zNrmQWTM0rhTi6woCzcl6PcVrTxU5dP9qlY7VhtZQvY3aQyYR6stkQOLMOxuNiRFZFjUBFMrsVhzamsR74fEwbzGI8EK38mhvi-3gcBBcvgj7Z6fB3tGS65y2XcMzxsj6n46B9SbCkR24XVqwinhA0iQn744vAr7M8bN3q-3OLz8_g9r0GcNjZcH3p3j-XI-3YHmp_SjrhKl3aYVhA7tgWtY5KOyzab0fX-lc912_xGcPg6mITdwkieQKBhP0
      Content-Type: 
      - application/atom+xml; charset=UTF-8
      Content-Length: 
      - "0"
      X-Gdata-Client: 
      - youtube_it
      X-Gdata-Key: 
      - key=AI39si411VBmO4Im9l0rfRsORXDI6F5AX5NlTIA4uHSWqa-Cgf-jUQG-6osUBB3PTLawLHlkKXPLr3B0pNcGU9wkNd11gIgdPg
      Accept: 
      - "*/*"
      Gdata-Version: 
      - "2"
  response: 
    status: 
      code: 200
      message: OK
    headers: 
      Vary: 
      - Accept, X-GData-Authorization, GData-Version
      X-Frame-Options: 
      - SAMEORIGIN
      Last-Modified: 
      - Wed, 16 May 2012 13:45:49 GMT
      Etag: 
      - W/"D04ASHo4fip7I2A9WhVUEUo."
      Transfer-Encoding: 
      - chunked
      Content-Type: 
      - application/atom+xml; charset=UTF-8; type=feed
      Date: 
      - Wed, 16 May 2012 13:45:49 GMT
      X-Xss-Protection: 
      - 1; mode=block
      X-Gdata-User-Country: 
      - FR
      Server: 
      - GSE
      X-Content-Type-Options: 
      - nosniff
      Expires: 
      - Wed, 16 May 2012 13:45:49 GMT
      Cache-Control: 
      - private, max-age=0, must-revalidate, no-transform
      Gdata-Version: 
      - "2.1"
    body: 
      string: "<?xml version='1.0' encoding='UTF-8'?><feed xmlns='http://www.w3.org/2005/Atom' xmlns:app='http://www.w3.org/2007/app' xmlns:openSearch='http://a9.com/-/spec/opensearch/1.1/' xmlns:gd='http://schemas.google.com/g/2005' xmlns:yt='http://gdata.youtube.com/schemas/2007' gd:etag='W/&quot;D04ASHo4fip7I2A9WhVUEUo.&quot;'><id>tag:youtube.com,2008:user:tubeit20101:subscriptions</id><updated>2012-05-16T13:45:49.436Z</updated><category scheme='http://schemas.google.com/g/2005#kind' term='http://gdata.youtube.com/schemas/2007#subscription'/><title>Subscriptions of tubeit20101</title><logo>http://www.youtube.com/img/pic_youtubelogo_123x63.gif</logo><link rel='related' type='application/atom+xml' href='http://gdata.youtube.com/feeds/api/users/tubeit20101?client=youtube_it'/><link rel='alternate' type='text/html' href='http://www.youtube.com'/><link rel='hub' href='http://pubsubhubbub.appspot.com'/><link rel='http://schemas.google.com/g/2005#feed' type='application/atom+xml' href='http://gdata.youtube.com/feeds/api/users/tubeit20101/subscriptions?client=youtube_it'/><link rel='http://schemas.google.com/g/2005#post' type='application/atom+xml' href='http://gdata.youtube.com/feeds/api/users/tubeit20101/subscriptions?client=youtube_it'/><link rel='http://schemas.google.com/g/2005#batch' type='application/atom+xml' href='http://gdata.youtube.com/feeds/api/users/tubeit20101/subscriptions/batch?client=youtube_it'/><link rel='self' type='application/atom+xml' href='http://gdata.youtube.com/feeds/api/users/tubeit20101/subscriptions?start-index=1&amp;max-results=25&amp;client=youtube_it'/><link rel='service' type='application/atomsvc+xml' href='http://gdata.youtube.com/feeds/api/users/tubeit20101/subscriptions?alt=atom-service'/><author><name>tubeit20101</name><uri>http://gdata.youtube.com/feeds/api/users/tubeit20101</uri><yt:userId>WWmLvppy3j64IGmA2dpCyw</yt:userId></author><generator version='2.1' uri='http://gdata.youtube.com'>YouTube data API</generator><openSearch:totalResults>1</openSearch:totalResults><openSearch:startIndex>1</openSearch:startIndex><openSearch:itemsPerPage>25</openSearch:itemsPerPage><entry gd:etag='W/&quot;D04AQn47eCp7I2A9WhVUEUo.&quot;'><id>tag:youtube.com,2008:user:tubeit20101:subscription:CIkfWE_Ny0mAoJ7Nm4eFkCWX7RM2ig-FhqeXULHXEIU</id><published>2012-05-16T13:45:43.000Z</published><updated>2012-05-16T13:45:43.000Z</updated><app:edited>2012-05-16T13:45:43.000Z</app:edited><category scheme='http://schemas.google.com/g/2005#kind' term='http://gdata.youtube.com/schemas/2007#subscription'/><category scheme='http://gdata.youtube.com/schemas/2007/subscriptiontypes.cat' term='channel'/><title>Videos published by: TheWoWArthas</title><content type='application/atom+xml;type=feed' src='http://gdata.youtube.com/feeds/api/users/thewowarthas/uploads'/><link rel='related' type='application/atom+xml' href='http://gdata.youtube.com/feeds/api/users/thewowarthas?client=youtube_it'/><link rel='alternate' type='text/html' href='http://www.youtube.com/channel/UC7ndmSuGt6yKM-BiurW1utg/videos'/><link rel='self' type='application/atom+xml' href='http://gdata.youtube.com/feeds/api/users/tubeit20101/subscriptions/CIkfWE_Ny0mAoJ7Nm4eFkCWX7RM2ig-FhqeXULHXEIU?client=youtube_it'/><link rel='edit' type='application/atom+xml' href='http://gdata.youtube.com/feeds/api/users/tubeit20101/subscriptions/CIkfWE_Ny0mAoJ7Nm4eFkCWX7RM2ig-FhqeXULHXEIU?client=youtube_it'/><author><name>tubeit20101</name><uri>http://gdata.youtube.com/feeds/api/users/tubeit20101</uri><yt:userId>WWmLvppy3j64IGmA2dpCyw</yt:userId></author><yt:countHint>85</yt:countHint><yt:username display='TheWoWArthas'>thewowarthas</yt:username></entry></feed>"
    http_version: 
  recorded_at: Wed, 16 May 2012 13:45:49 GMT
- request: 
    method: delete
    uri: http://gdata.youtube.com/feeds/api/users/default/subscriptions/CIkfWE_Ny0mAoJ7Nm4eFkCWX7RM2ig-FhqeXULHXEIU
    body: 
      string: ""
    headers: 
      Authorization: 
      - GoogleLogin auth=DQAAALcAAABNu2zNrmQWTM0rhTi6woCzcl6PcVrTxU5dP9qlY7VhtZQvY3aQyYR6stkQOLMOxuNiRFZFjUBFMrsVhzamsR74fEwbzGI8EK38mhvi-3gcBBcvgj7Z6fB3tGS65y2XcMzxsj6n46B9SbCkR24XVqwinhA0iQn744vAr7M8bN3q-3OLz8_g9r0GcNjZcH3p3j-XI-3YHmp_SjrhKl3aYVhA7tgWtY5KOyzab0fX-lc912_xGcPg6mITdwkieQKBhP0
      Content-Type: 
      - application/atom+xml; charset=UTF-8
      Content-Length: 
      - "0"
      X-Gdata-Client: 
      - youtube_it
      X-Gdata-Key: 
      - key=AI39si411VBmO4Im9l0rfRsORXDI6F5AX5NlTIA4uHSWqa-Cgf-jUQG-6osUBB3PTLawLHlkKXPLr3B0pNcGU9wkNd11gIgdPg
      Accept: 
      - "*/*"
      Gdata-Version: 
      - "2"
  response: 
    status: 
      code: 200
      message: OK
    headers: 
      X-Frame-Options: 
      - SAMEORIGIN
      Content-Type: 
      - text/html
      Date: 
      - Wed, 16 May 2012 13:45:50 GMT
      X-Xss-Protection: 
      - 1; mode=block
      X-Gdata-User-Country: 
      - FR
      Content-Length: 
      - "0"
      Server: 
      - GSE
      X-Content-Type-Options: 
      - nosniff
      Expires: 
      - Wed, 16 May 2012 13:45:50 GMT
      Cache-Control: 
      - private, max-age=0
      Gdata-Version: 
      - "2.1"
    body: 
      string: ""
    http_version: 
  recorded_at: Wed, 16 May 2012 13:45:50 GMT
