---
http_interactions:
- request:
    method: get
    uri: http://gdata.youtube.com/feeds/api/users/default
    body:
      encoding: US-ASCII
      string: ''
    headers:
      Authorization:
      - Bearer ya29.AHES6ZRNJGJ53qHe5hG1kFPmCNCFLZuAm9jrQZWXGI4MvHo
      Accept-Encoding:
      - gzip;q=1.0,deflate;q=0.6,identity;q=0.3
      Accept:
      - ! '*/*'
      User-Agent:
      - Ruby
  response:
    status:
      code: 200
      message: OK
    headers:
      X-Gdata-User-Country:
      - US
      Content-Type:
      - application/atom+xml; charset=UTF-8
      Expires:
      - Thu, 06 Dec 2012 20:45:46 GMT
      Date:
      - Thu, 06 Dec 2012 20:45:46 GMT
      Cache-Control:
      - private, max-age=0, must-revalidate, no-transform
      Vary:
      - Accept, X-GData-Authorization, GData-Version
      Gdata-Version:
      - '1.0'
      Last-Modified:
      - Thu, 06 Dec 2012 20:37:09 GMT
      X-Content-Type-Options:
      - nosniff
      X-Frame-Options:
      - SAMEORIGIN
      X-Xss-Protection:
      - 1; mode=block
      Server:
      - GSE
      Transfer-Encoding:
      - chunked
    body:
      encoding: US-ASCII
      string: <?xml version='1.0' encoding='UTF-8'?><entry xmlns='http://www.w3.org/2005/Atom'
        xmlns:media='http://search.yahoo.com/mrss/' xmlns:gd='http://schemas.google.com/g/2005'
        xmlns:yt='http://gdata.youtube.com/schemas/2007'><id>http://gdata.youtube.com/feeds/api/users/G0vu_P1Z-C1R52lXhLDOjg</id><published>2012-12-06T19:17:52.000Z</published><updated>2012-12-06T20:37:09.000Z</updated><category
        scheme='http://schemas.google.com/g/2005#kind' term='http://gdata.youtube.com/schemas/2007#userProfile'/><title
        type='text'>tubeit2012pivotal</title><content type='text'/><link rel='alternate'
        type='text/html' href='http://www.youtube.com/channel/UCG0vu_P1Z-C1R52lXhLDOjg'/><link
        rel='http://gdata.youtube.com/schemas/2007#insight.views' type='text/html'
        href='http://insight.youtube.com/video-analytics/csvreports?query=G0vu_P1Z-C1R52lXhLDOjg&amp;type=u&amp;starttime=1235865600000&amp;endtime=1354665600000&amp;user_starttime=1354060800000&amp;user_endtime=1354665600000&amp;region=world&amp;token=4aFT_1ajLJ6g_PclGRF8x7F_DbR8MTM1NDgyODU0NkAxMzU0ODI2NzQ2&amp;hl=en_US'/><link
        rel='self' type='application/atom+xml' href='http://gdata.youtube.com/feeds/api/users/G0vu_P1Z-C1R52lXhLDOjg'/><author><name>tubeit2012pivotal</name><uri>http://gdata.youtube.com/feeds/api/users/tubeit2012pivotal</uri></author><yt:age>111</yt:age><gd:feedLink
        rel='http://gdata.youtube.com/schemas/2007#user.contacts' href='http://gdata.youtube.com/feeds/api/users/tubeit2012pivotal/contacts'
        countHint='0'/><gd:feedLink rel='http://gdata.youtube.com/schemas/2007#user.inbox'
        href='http://gdata.youtube.com/feeds/api/users/tubeit2012pivotal/inbox' countHint='0'/><gd:feedLink
        rel='http://gdata.youtube.com/schemas/2007#user.playlists' href='http://gdata.youtube.com/feeds/api/users/tubeit2012pivotal/playlists'/><gd:feedLink
        rel='http://gdata.youtube.com/schemas/2007#user.subscriptions' href='http://gdata.youtube.com/feeds/api/users/tubeit2012pivotal/subscriptions'
        countHint='0'/><gd:feedLink rel='http://gdata.youtube.com/schemas/2007#user.uploads'
        href='http://gdata.youtube.com/feeds/api/users/tubeit2012pivotal/uploads'
        countHint='4'/><gd:feedLink rel='http://gdata.youtube.com/schemas/2007#user.newsubscriptionvideos'
        href='http://gdata.youtube.com/feeds/api/users/tubeit2012pivotal/newsubscriptionvideos'/><yt:location>US</yt:location><yt:maxUploadDuration
        seconds='930'/><yt:statistics lastWebAccess='2012-12-06T19:17:52.000Z' subscriberCount='0'
        videoWatchCount='0' viewCount='0' totalUploadViews='0'/><media:thumbnail url='http://s.ytimg.com/yts/img/silhouette48-vflLdu7sh.png'/><yt:username>tubeit2012pivotal</yt:username></entry>
    http_version: 
  recorded_at: Thu, 06 Dec 2012 20:45:46 GMT
- request:
    method: get
    uri: http://gdata.youtube.com/feeds/api/users/default/subscriptions?v=2
    body:
      encoding: US-ASCII
      string: ''
    headers:
      Authorization:
      - Bearer ya29.AHES6ZRNJGJ53qHe5hG1kFPmCNCFLZuAm9jrQZWXGI4MvHo
      X-Gdata-Client:
      - youtube_it
      X-Gdata-Key:
      - key=AI39si7RTOeLuL-210N-qa68taSVoJ2ZNc2UlY52VkTjf29AEonZ_MgKZirQmQOtHOh1hRWePy61bcZkZOEIu2vlsYKW8HlxrQ
      Gdata-Version:
      - '2.1'
      Content-Type:
      - application/atom+xml; charset=UTF-8
      Content-Length:
      - '0'
      Accept-Encoding:
      - gzip;q=1.0,deflate;q=0.6,identity;q=0.3
      Accept:
      - ! '*/*'
      User-Agent:
      - Ruby
  response:
    status:
      code: 200
      message: OK
    headers:
      X-Gdata-User-Country:
      - US
      Content-Type:
      - application/atom+xml; charset=UTF-8; type=feed
      Expires:
      - Thu, 06 Dec 2012 20:45:46 GMT
      Date:
      - Thu, 06 Dec 2012 20:45:46 GMT
      Cache-Control:
      - private, max-age=0, must-revalidate, no-transform
      Vary:
      - Accept, X-GData-Authorization, GData-Version
      Gdata-Version:
      - '2.1'
      Etag:
      - W/"DEAAR3s5eCp7I2A9WhNXGE8."
      Last-Modified:
      - Thu, 06 Dec 2012 20:45:46 GMT
      X-Content-Type-Options:
      - nosniff
      X-Frame-Options:
      - SAMEORIGIN
      X-Xss-Protection:
      - 1; mode=block
      Server:
      - GSE
      Transfer-Encoding:
      - chunked
    body:
      encoding: US-ASCII
      string: <?xml version='1.0' encoding='UTF-8'?><feed xmlns='http://www.w3.org/2005/Atom'
        xmlns:openSearch='http://a9.com/-/spec/opensearch/1.1/' xmlns:gd='http://schemas.google.com/g/2005'
        xmlns:yt='http://gdata.youtube.com/schemas/2007' gd:etag='W/&quot;DEAAR3s5eCp7I2A9WhNXGE8.&quot;'><id>tag:youtube.com,2008:user:tubeit2012pivotal:subscriptions</id><updated>2012-12-06T20:45:46.520Z</updated><category
        scheme='http://schemas.google.com/g/2005#kind' term='http://gdata.youtube.com/schemas/2007#subscription'/><title>Subscriptions
        of tubeit2012pivotal</title><logo>http://www.youtube.com/img/pic_youtubelogo_123x63.gif</logo><link
        rel='related' type='application/atom+xml' href='http://gdata.youtube.com/feeds/api/users/tubeit2012pivotal?client=youtube_it'/><link
        rel='alternate' type='text/html' href='http://www.youtube.com'/><link rel='hub'
        href='http://pubsubhubbub.appspot.com'/><link rel='http://schemas.google.com/g/2005#feed'
        type='application/atom+xml' href='http://gdata.youtube.com/feeds/api/users/tubeit2012pivotal/subscriptions?client=youtube_it'/><link
        rel='http://schemas.google.com/g/2005#post' type='application/atom+xml' href='http://gdata.youtube.com/feeds/api/users/tubeit2012pivotal/subscriptions?client=youtube_it'/><link
        rel='http://schemas.google.com/g/2005#batch' type='application/atom+xml' href='http://gdata.youtube.com/feeds/api/users/tubeit2012pivotal/subscriptions/batch?client=youtube_it'/><link
        rel='self' type='application/atom+xml' href='http://gdata.youtube.com/feeds/api/users/tubeit2012pivotal/subscriptions?start-index=1&amp;max-results=25&amp;client=youtube_it'/><link
        rel='service' type='application/atomsvc+xml' href='http://gdata.youtube.com/feeds/api/users/tubeit2012pivotal/subscriptions?alt=atom-service'/><author><name>tubeit2012pivotal</name><uri>http://gdata.youtube.com/feeds/api/users/tubeit2012pivotal</uri><yt:userId>G0vu_P1Z-C1R52lXhLDOjg</yt:userId></author><generator
        version='2.1' uri='http://gdata.youtube.com'>YouTube data API</generator><openSearch:totalResults>0</openSearch:totalResults><openSearch:startIndex>1</openSearch:startIndex><openSearch:itemsPerPage>25</openSearch:itemsPerPage></feed>
    http_version: 
  recorded_at: Thu, 06 Dec 2012 20:45:46 GMT
- request:
    method: post
    uri: http://gdata.youtube.com/feeds/api/users/default/subscriptions
    body:
      encoding: US-ASCII
      string: <?xml version="1.0" encoding="UTF-8"?><entry xmlns="http://www.w3.org/2005/Atom"
        xmlns:yt="http://gdata.youtube.com/schemas/2007"><category scheme="http://gdata.youtube.com/schemas/2007/subscriptiontypes.cat"
        term="channel"/><yt:username>NetworkA</yt:username></entry>
    headers:
      Authorization:
      - Bearer ya29.AHES6ZRNJGJ53qHe5hG1kFPmCNCFLZuAm9jrQZWXGI4MvHo
      X-Gdata-Client:
      - youtube_it
      X-Gdata-Key:
      - key=AI39si7RTOeLuL-210N-qa68taSVoJ2ZNc2UlY52VkTjf29AEonZ_MgKZirQmQOtHOh1hRWePy61bcZkZOEIu2vlsYKW8HlxrQ
      Gdata-Version:
      - '2.1'
      Content-Type:
      - application/atom+xml; charset=UTF-8
      Content-Length:
      - '268'
      Accept:
      - ! '*/*'
      User-Agent:
      - Ruby
  response:
    status:
      code: 201
      message: Created
    headers:
      X-Gdata-User-Country:
      - US
      Content-Type:
      - application/atom+xml; charset=UTF-8; type=entry
      Expires:
      - Thu, 06 Dec 2012 20:45:51 GMT
      Date:
      - Thu, 06 Dec 2012 20:45:51 GMT
      Cache-Control:
      - private, max-age=0, must-revalidate, no-transform
      Vary:
      - Accept, X-GData-Authorization, GData-Version
      Gdata-Version:
      - '2.1'
      Etag:
      - W/"DEABQH47eCp7I2A9WhNXGE8."
      Location:
      - http://gdata.youtube.com/feeds/api/users/tubeit2012pivotal/subscriptions/QgcYmNL4fLKFyFkaMDG-MqVz07w3rmdbJASHkyGDNYc?client=youtube_it
      Content-Location:
      - http://gdata.youtube.com/feeds/api/users/tubeit2012pivotal/subscriptions/QgcYmNL4fLKFyFkaMDG-MqVz07w3rmdbJASHkyGDNYc?client=youtube_it
      Transfer-Encoding:
      - chunked
      X-Content-Type-Options:
      - nosniff
      X-Frame-Options:
      - SAMEORIGIN
      X-Xss-Protection:
      - 1; mode=block
      Server:
      - GSE
    body:
      encoding: US-ASCII
      string: ! '<?xml version=''1.0'' encoding=''UTF-8''?><entry xmlns=''http://www.w3.org/2005/Atom''
        xmlns:app=''http://www.w3.org/2007/app'' xmlns:media=''http://search.yahoo.com/mrss/''
        xmlns:gd=''http://schemas.google.com/g/2005'' xmlns:yt=''http://gdata.youtube.com/schemas/2007''
        gd:etag=''W/&quot;DEABQH47eCp7I2A9WhNXGE8.&quot;''><id>tag:youtube.com,2008:user:tubeit2012pivotal:subscription:QgcYmNL4fLKFyFkaMDG-MqVz07w3rmdbJASHkyGDNYc</id><published>2012-12-06T20:45:51.000Z</published><updated>2012-12-06T20:45:51.000Z</updated><app:edited>2012-12-06T20:45:51.000Z</app:edited><category
        scheme=''http://schemas.google.com/g/2005#kind'' term=''http://gdata.youtube.com/schemas/2007#subscription''/><category
        scheme=''http://gdata.youtube.com/schemas/2007/subscriptiontypes.cat'' term=''channel''/><title>Videos
        published by: NetworkA</title><content type=''application/atom+xml;type=feed''
        src=''http://gdata.youtube.com/feeds/api/users/networka/uploads''/><link rel=''related''
        type=''application/atom+xml'' href=''http://gdata.youtube.com/feeds/api/users/networka?client=youtube_it''/><link
        rel=''http://gdata.youtube.com/schemas/2007#user.uploads'' href=''http://gdata.youtube.com/feeds/api/users/networka/uploads''/><link
        rel=''http://gdata.youtube.com/schemas/2007#user.recentactivity'' href=''http://gdata.youtube.com/feeds/api/users/networka/events''/><link
        rel=''alternate'' type=''text/html'' href=''http://www.youtube.com/channel/UCsert8exifX1uUnqaoY3dqA/videos''/><link
        rel=''self'' type=''application/atom+xml'' href=''http://gdata.youtube.com/feeds/api/users/tubeit2012pivotal/subscriptions/QgcYmNL4fLKFyFkaMDG-MqVz07w3rmdbJASHkyGDNYc?client=youtube_it''/><link
        rel=''edit'' type=''application/atom+xml'' href=''http://gdata.youtube.com/feeds/api/users/tubeit2012pivotal/subscriptions/QgcYmNL4fLKFyFkaMDG-MqVz07w3rmdbJASHkyGDNYc?client=youtube_it''/><author><name>tubeit2012pivotal</name><uri>http://gdata.youtube.com/feeds/api/users/tubeit2012pivotal</uri><yt:userId>G0vu_P1Z-C1R52lXhLDOjg</yt:userId></author><yt:channelId>UCsert8exifX1uUnqaoY3dqA</yt:channelId><yt:countHint>153819</yt:countHint><media:thumbnail
        url=''http://i4.ytimg.com/i/sert8exifX1uUnqaoY3dqA/1.jpg?v=4f0d1ab9''/><yt:username
        display=''NetworkA''>networka</yt:username></entry>'
    http_version: 
  recorded_at: Thu, 06 Dec 2012 20:45:51 GMT
- request:
    method: get
    uri: http://gdata.youtube.com/feeds/api/users/default/subscriptions?v=2
    body:
      encoding: US-ASCII
      string: ''
    headers:
      Authorization:
      - Bearer ya29.AHES6ZRNJGJ53qHe5hG1kFPmCNCFLZuAm9jrQZWXGI4MvHo
      X-Gdata-Client:
      - youtube_it
      X-Gdata-Key:
      - key=AI39si7RTOeLuL-210N-qa68taSVoJ2ZNc2UlY52VkTjf29AEonZ_MgKZirQmQOtHOh1hRWePy61bcZkZOEIu2vlsYKW8HlxrQ
      Gdata-Version:
      - '2.1'
      Content-Type:
      - application/atom+xml; charset=UTF-8
      Content-Length:
      - '0'
      Accept-Encoding:
      - gzip;q=1.0,deflate;q=0.6,identity;q=0.3
      Accept:
      - ! '*/*'
      User-Agent:
      - Ruby
  response:
    status:
      code: 200
      message: OK
    headers:
      X-Gdata-User-Country:
      - US
      Content-Type:
      - application/atom+xml; charset=UTF-8; type=feed
      Expires:
      - Thu, 06 Dec 2012 20:45:55 GMT
      Date:
      - Thu, 06 Dec 2012 20:45:55 GMT
      Cache-Control:
      - private, max-age=0, must-revalidate, no-transform
      Vary:
      - Accept, X-GData-Authorization, GData-Version
      Gdata-Version:
      - '2.1'
      Etag:
      - W/"DEABRHY4fip7I2A9WhNXGE8."
      Last-Modified:
      - Thu, 06 Dec 2012 20:45:55 GMT
      X-Content-Type-Options:
      - nosniff
      X-Frame-Options:
      - SAMEORIGIN
      X-Xss-Protection:
      - 1; mode=block
      Server:
      - GSE
      Transfer-Encoding:
      - chunked
    body:
      encoding: US-ASCII
      string: ! '<?xml version=''1.0'' encoding=''UTF-8''?><feed xmlns=''http://www.w3.org/2005/Atom''
        xmlns:app=''http://www.w3.org/2007/app'' xmlns:media=''http://search.yahoo.com/mrss/''
        xmlns:openSearch=''http://a9.com/-/spec/opensearch/1.1/'' xmlns:gd=''http://schemas.google.com/g/2005''
        xmlns:yt=''http://gdata.youtube.com/schemas/2007'' gd:etag=''W/&quot;DEABRHY4fip7I2A9WhNXGE8.&quot;''><id>tag:youtube.com,2008:user:tubeit2012pivotal:subscriptions</id><updated>2012-12-06T20:45:55.836Z</updated><category
        scheme=''http://schemas.google.com/g/2005#kind'' term=''http://gdata.youtube.com/schemas/2007#subscription''/><title>Subscriptions
        of tubeit2012pivotal</title><logo>http://www.youtube.com/img/pic_youtubelogo_123x63.gif</logo><link
        rel=''related'' type=''application/atom+xml'' href=''http://gdata.youtube.com/feeds/api/users/tubeit2012pivotal?client=youtube_it''/><link
        rel=''alternate'' type=''text/html'' href=''http://www.youtube.com''/><link
        rel=''hub'' href=''http://pubsubhubbub.appspot.com''/><link rel=''http://schemas.google.com/g/2005#feed''
        type=''application/atom+xml'' href=''http://gdata.youtube.com/feeds/api/users/tubeit2012pivotal/subscriptions?client=youtube_it''/><link
        rel=''http://schemas.google.com/g/2005#post'' type=''application/atom+xml''
        href=''http://gdata.youtube.com/feeds/api/users/tubeit2012pivotal/subscriptions?client=youtube_it''/><link
        rel=''http://schemas.google.com/g/2005#batch'' type=''application/atom+xml''
        href=''http://gdata.youtube.com/feeds/api/users/tubeit2012pivotal/subscriptions/batch?client=youtube_it''/><link
        rel=''self'' type=''application/atom+xml'' href=''http://gdata.youtube.com/feeds/api/users/tubeit2012pivotal/subscriptions?start-index=1&amp;max-results=25&amp;client=youtube_it''/><link
        rel=''service'' type=''application/atomsvc+xml'' href=''http://gdata.youtube.com/feeds/api/users/tubeit2012pivotal/subscriptions?alt=atom-service''/><author><name>tubeit2012pivotal</name><uri>http://gdata.youtube.com/feeds/api/users/tubeit2012pivotal</uri><yt:userId>G0vu_P1Z-C1R52lXhLDOjg</yt:userId></author><generator
        version=''2.1'' uri=''http://gdata.youtube.com''>YouTube data API</generator><openSearch:totalResults>1</openSearch:totalResults><openSearch:startIndex>1</openSearch:startIndex><openSearch:itemsPerPage>25</openSearch:itemsPerPage><entry
        gd:etag=''W/&quot;DEABQX47eCp7I2A9WhNXGE8.&quot;''><id>tag:youtube.com,2008:user:tubeit2012pivotal:subscription:QgcYmNL4fLKFyFkaMDG-MqVz07w3rmdbJASHkyGDNYc</id><published>2012-12-06T20:45:50.000Z</published><updated>2012-12-06T20:45:50.000Z</updated><app:edited>2012-12-06T20:45:50.000Z</app:edited><category
        scheme=''http://schemas.google.com/g/2005#kind'' term=''http://gdata.youtube.com/schemas/2007#subscription''/><category
        scheme=''http://gdata.youtube.com/schemas/2007/subscriptiontypes.cat'' term=''channel''/><title>Videos
        published by: NetworkA</title><content type=''application/atom+xml;type=feed''
        src=''http://gdata.youtube.com/feeds/api/users/networka/uploads''/><link rel=''related''
        type=''application/atom+xml'' href=''http://gdata.youtube.com/feeds/api/users/networka?client=youtube_it''/><link
        rel=''http://gdata.youtube.com/schemas/2007#user.uploads'' href=''http://gdata.youtube.com/feeds/api/users/networka/uploads''/><link
        rel=''http://gdata.youtube.com/schemas/2007#user.recentactivity'' href=''http://gdata.youtube.com/feeds/api/users/networka/events''/><link
        rel=''alternate'' type=''text/html'' href=''http://www.youtube.com/channel/UCsert8exifX1uUnqaoY3dqA/videos''/><link
        rel=''self'' type=''application/atom+xml'' href=''http://gdata.youtube.com/feeds/api/users/tubeit2012pivotal/subscriptions/QgcYmNL4fLKFyFkaMDG-MqVz07w3rmdbJASHkyGDNYc?client=youtube_it''/><link
        rel=''edit'' type=''application/atom+xml'' href=''http://gdata.youtube.com/feeds/api/users/tubeit2012pivotal/subscriptions/QgcYmNL4fLKFyFkaMDG-MqVz07w3rmdbJASHkyGDNYc?client=youtube_it''/><author><name>tubeit2012pivotal</name><uri>http://gdata.youtube.com/feeds/api/users/tubeit2012pivotal</uri><yt:userId>G0vu_P1Z-C1R52lXhLDOjg</yt:userId></author><yt:channelId>UCsert8exifX1uUnqaoY3dqA</yt:channelId><yt:countHint>497</yt:countHint><media:thumbnail
        url=''http://i4.ytimg.com/i/sert8exifX1uUnqaoY3dqA/1.jpg?v=4f0d1ab9''/><yt:unreadCount>0</yt:unreadCount><yt:username
        display=''NetworkA''>networka</yt:username></entry></feed>'
    http_version: 
  recorded_at: Thu, 06 Dec 2012 20:45:55 GMT
- request:
    method: delete
    uri: http://gdata.youtube.com/feeds/api/users/default/subscriptions/QgcYmNL4fLKFyFkaMDG-MqVz07w3rmdbJASHkyGDNYc
    body:
      encoding: US-ASCII
      string: ''
    headers:
      Authorization:
      - Bearer ya29.AHES6ZRNJGJ53qHe5hG1kFPmCNCFLZuAm9jrQZWXGI4MvHo
      X-Gdata-Client:
      - youtube_it
      X-Gdata-Key:
      - key=AI39si7RTOeLuL-210N-qa68taSVoJ2ZNc2UlY52VkTjf29AEonZ_MgKZirQmQOtHOh1hRWePy61bcZkZOEIu2vlsYKW8HlxrQ
      Gdata-Version:
      - '2.1'
      Content-Type:
      - application/atom+xml; charset=UTF-8
      Content-Length:
      - '0'
      Accept:
      - ! '*/*'
      User-Agent:
      - Ruby
  response:
    status:
      code: 200
      message: OK
    headers:
      X-Gdata-User-Country:
      - US
      Gdata-Version:
      - '2.1'
      Date:
      - Thu, 06 Dec 2012 20:45:56 GMT
      Expires:
      - Thu, 06 Dec 2012 20:45:56 GMT
      Cache-Control:
      - private, max-age=0
      X-Content-Type-Options:
      - nosniff
      X-Frame-Options:
      - SAMEORIGIN
      X-Xss-Protection:
      - 1; mode=block
      Content-Length:
      - '0'
      Server:
      - GSE
      Content-Type:
      - text/html; charset=UTF-8
    body:
      encoding: US-ASCII
      string: ''
    http_version: 
  recorded_at: Thu, 06 Dec 2012 20:45:56 GMT
recorded_with: VCR 2.1.1
